Archive member included because of file (symbol)

/home/andresdido/workspace/CMSISv1p30_LPC17xx/Debug/libCMSISv1p30_LPC17xx.a(system_LPC17xx.o)
                              ./cr_startup_lpc17.o (SystemInit)
/home/andresdido/workspace/FreeRTOS_Library/Debug/libFreeRTOS_Library.a(tasks.o)
                              ./main.o (xTaskGetTickCount)
/home/andresdido/workspace/FreeRTOS_Library/Debug/libFreeRTOS_Library.a(heap_2.o)
                              /home/andresdido/workspace/FreeRTOS_Library/Debug/libFreeRTOS_Library.a(tasks.o) (vPortFree)
/home/andresdido/workspace/FreeRTOS_Library/Debug/libFreeRTOS_Library.a(port.o)
                              /home/andresdido/workspace/FreeRTOS_Library/Debug/libFreeRTOS_Library.a(tasks.o) (pxPortInitialiseStack)
/home/andresdido/workspace/FreeRTOS_Library/Debug/libFreeRTOS_Library.a(basic_io.o)
                              ./main.o (vPrintString)
/home/andresdido/workspace/FreeRTOS_Library/Debug/libFreeRTOS_Library.a(consoleprint.o)
                              /home/andresdido/workspace/FreeRTOS_Library/Debug/libFreeRTOS_Library.a(basic_io.o) (consoleprint)
/home/andresdido/workspace/FreeRTOS_Library/Debug/libFreeRTOS_Library.a(list.o)
                              /home/andresdido/workspace/FreeRTOS_Library/Debug/libFreeRTOS_Library.a(tasks.o) (vListInitialise)
/usr/local/LPCXpresso/tools/bin/../lib/gcc/arm-none-eabi/4.4.1/../../../../arm-none-eabi/lib/thumb2/libcr_semihost.a(__sys_write.o)
                              /home/andresdido/workspace/FreeRTOS_Library/Debug/libFreeRTOS_Library.a(consoleprint.o) (__write)
/usr/local/LPCXpresso/tools/bin/../lib/gcc/arm-none-eabi/4.4.1/../../../../arm-none-eabi/lib/thumb2/libcr_c.a(fpprintf.o)
                              /home/andresdido/workspace/FreeRTOS_Library/Debug/libFreeRTOS_Library.a(basic_io.o) (sprintf)
/usr/local/LPCXpresso/tools/bin/../lib/gcc/arm-none-eabi/4.4.1/../../../../arm-none-eabi/lib/thumb2/libcr_c.a(memcmp.o)
                              /home/andresdido/workspace/FreeRTOS_Library/Debug/libFreeRTOS_Library.a(tasks.o) (memcmp)
/usr/local/LPCXpresso/tools/bin/../lib/gcc/arm-none-eabi/4.4.1/../../../../arm-none-eabi/lib/thumb2/libcr_c.a(printf.o)
                              /usr/local/LPCXpresso/tools/bin/../lib/gcc/arm-none-eabi/4.4.1/../../../../arm-none-eabi/lib/thumb2/libcr_c.a(fpprintf.o) (__vfprintf)
/usr/local/LPCXpresso/tools/bin/../lib/gcc/arm-none-eabi/4.4.1/../../../../arm-none-eabi/lib/thumb2/libcr_c.a(stdio.o)
                              /usr/local/LPCXpresso/tools/bin/../lib/gcc/arm-none-eabi/4.4.1/../../../../arm-none-eabi/lib/thumb2/libcr_c.a(fpprintf.o) (__Ciob)
/usr/local/LPCXpresso/tools/bin/../lib/gcc/arm-none-eabi/4.4.1/../../../../arm-none-eabi/lib/thumb2/libcr_c.a(strcpy.o)
                              /home/andresdido/workspace/FreeRTOS_Library/Debug/libFreeRTOS_Library.a(basic_io.o) (strcpy)
/usr/local/LPCXpresso/tools/bin/../lib/gcc/arm-none-eabi/4.4.1/../../../../arm-none-eabi/lib/thumb2/libcr_c.a(strlen.o)
                              /home/andresdido/workspace/FreeRTOS_Library/Debug/libFreeRTOS_Library.a(consoleprint.o) (strlen)
/usr/local/LPCXpresso/tools/bin/../lib/gcc/arm-none-eabi/4.4.1/../../../../arm-none-eabi/lib/thumb2/libcr_c.a(strncpy.o)
                              /home/andresdido/workspace/FreeRTOS_Library/Debug/libFreeRTOS_Library.a(tasks.o) (strncpy)
/usr/local/LPCXpresso/tools/bin/../lib/gcc/arm-none-eabi/4.4.1/../../../../arm-none-eabi/lib/thumb2/libcr_c.a(memset.o)
                              /home/andresdido/workspace/FreeRTOS_Library/Debug/libFreeRTOS_Library.a(tasks.o) (memset)
/usr/local/LPCXpresso/tools/bin/../lib/gcc/arm-none-eabi/4.4.1/../../../../arm-none-eabi/lib/thumb2/libcr_c.a(__fillbuf.o)
                              /usr/local/LPCXpresso/tools/bin/../lib/gcc/arm-none-eabi/4.4.1/../../../../arm-none-eabi/lib/thumb2/libcr_c.a(stdio.o) (__filbuf)
/usr/local/LPCXpresso/tools/bin/../lib/gcc/arm-none-eabi/4.4.1/../../../../arm-none-eabi/lib/thumb2/libcr_c.a(_deferredlazyseek.o)
                              /usr/local/LPCXpresso/tools/bin/../lib/gcc/arm-none-eabi/4.4.1/../../../../arm-none-eabi/lib/thumb2/libcr_c.a(__fillbuf.o) (_deferredlazyseek)
/usr/local/LPCXpresso/tools/bin/../lib/gcc/arm-none-eabi/4.4.1/../../../../arm-none-eabi/lib/thumb2/libcr_c.a(_fflush.o)
                              /usr/local/LPCXpresso/tools/bin/../lib/gcc/arm-none-eabi/4.4.1/../../../../arm-none-eabi/lib/thumb2/libcr_c.a(__fillbuf.o) (_fflush)
/usr/local/LPCXpresso/tools/bin/../lib/gcc/arm-none-eabi/4.4.1/../../../../arm-none-eabi/lib/thumb2/libcr_c.a(_frexpl.o)
                              /usr/local/LPCXpresso/tools/bin/../lib/gcc/arm-none-eabi/4.4.1/../../../../arm-none-eabi/lib/thumb2/libcr_c.a(fpprintf.o) (_frexpl)
/usr/local/LPCXpresso/tools/bin/../lib/gcc/arm-none-eabi/4.4.1/../../../../arm-none-eabi/lib/thumb2/libcr_c.a(_ldexpl.o)
                              /usr/local/LPCXpresso/tools/bin/../lib/gcc/arm-none-eabi/4.4.1/../../../../arm-none-eabi/lib/thumb2/libcr_c.a(fpprintf.o) (_ldexpl)
/usr/local/LPCXpresso/tools/bin/../lib/gcc/arm-none-eabi/4.4.1/../../../../arm-none-eabi/lib/thumb2/libcr_c.a(_writebuf.o)
                              /usr/local/LPCXpresso/tools/bin/../lib/gcc/arm-none-eabi/4.4.1/../../../../arm-none-eabi/lib/thumb2/libcr_c.a(_deferredlazyseek.o) (_Cwritebuf)
/usr/local/LPCXpresso/tools/bin/../lib/gcc/arm-none-eabi/4.4.1/../../../../arm-none-eabi/lib/thumb2/libcr_c.a(alloc.o)
                              /usr/local/LPCXpresso/tools/bin/../lib/gcc/arm-none-eabi/4.4.1/../../../../arm-none-eabi/lib/thumb2/libcr_c.a(fpprintf.o) (free)
/usr/local/LPCXpresso/tools/bin/../lib/gcc/arm-none-eabi/4.4.1/../../../../arm-none-eabi/lib/thumb2/libcr_c.a(ctype.o)
                              /usr/local/LPCXpresso/tools/bin/../lib/gcc/arm-none-eabi/4.4.1/../../../../arm-none-eabi/lib/thumb2/libcr_c.a(printf.o) (__ctype)
/usr/local/LPCXpresso/tools/bin/../lib/gcc/arm-none-eabi/4.4.1/../../../../arm-none-eabi/lib/thumb2/libcr_c.a(errno.o)
                              /usr/local/LPCXpresso/tools/bin/../lib/gcc/arm-none-eabi/4.4.1/../../../../arm-none-eabi/lib/thumb2/libcr_c.a(_ldexpl.o) (errno)
/usr/local/LPCXpresso/tools/bin/../lib/gcc/arm-none-eabi/4.4.1/../../../../arm-none-eabi/lib/thumb2/libcr_c.a(fseek.o)
                              /usr/local/LPCXpresso/tools/bin/../lib/gcc/arm-none-eabi/4.4.1/../../../../arm-none-eabi/lib/thumb2/libcr_c.a(_deferredlazyseek.o) (fseek)
/usr/local/LPCXpresso/tools/bin/../lib/gcc/arm-none-eabi/4.4.1/../../../../arm-none-eabi/lib/thumb2/libcr_c.a(ftell.o)
                              /usr/local/LPCXpresso/tools/bin/../lib/gcc/arm-none-eabi/4.4.1/../../../../arm-none-eabi/lib/thumb2/libcr_c.a(fseek.o) (ftell)
/usr/local/LPCXpresso/tools/bin/../lib/gcc/arm-none-eabi/4.4.1/../../../../arm-none-eabi/lib/thumb2/libcr_c.a(memcpy.o)
                              /usr/local/LPCXpresso/tools/bin/../lib/gcc/arm-none-eabi/4.4.1/../../../../arm-none-eabi/lib/thumb2/libcr_c.a(alloc.o) (memcpy)
/usr/local/LPCXpresso/tools/bin/../lib/gcc/arm-none-eabi/4.4.1/../../../../arm-none-eabi/lib/thumb2/libcr_c.a(__init_alloc.o)
                              /usr/local/LPCXpresso/tools/bin/../lib/gcc/arm-none-eabi/4.4.1/../../../../arm-none-eabi/lib/thumb2/libcr_c.a(alloc.o) (__heaps)
/usr/local/LPCXpresso/tools/bin/../lib/gcc/arm-none-eabi/4.4.1/../../../../arm-none-eabi/lib/thumb2/libcr_c.a(_hugeval.o)
                              /usr/local/LPCXpresso/tools/bin/../lib/gcc/arm-none-eabi/4.4.1/../../../../arm-none-eabi/lib/thumb2/libcr_c.a(_ldexpl.o) (__huge_vall)
/usr/local/LPCXpresso/tools/bin/../lib/gcc/arm-none-eabi/4.4.1/thumb2/libcr_eabihelpers.a(double.o)
                              /usr/local/LPCXpresso/tools/bin/../lib/gcc/arm-none-eabi/4.4.1/../../../../arm-none-eabi/lib/thumb2/libcr_c.a(fpprintf.o) (__aeabi_dmul)
/usr/local/LPCXpresso/tools/bin/../lib/gcc/arm-none-eabi/4.4.1/thumb2/libcr_eabihelpers.a(memcpy.o)
                              /usr/local/LPCXpresso/tools/bin/../lib/gcc/arm-none-eabi/4.4.1/../../../../arm-none-eabi/lib/thumb2/libcr_c.a(memcpy.o) (__aeabi_memcpy)
/usr/local/LPCXpresso/tools/bin/../lib/gcc/arm-none-eabi/4.4.1/../../../../arm-none-eabi/lib/thumb2/libcr_semihost.a(__sys_appexit.o)
                              /usr/local/LPCXpresso/tools/bin/../lib/gcc/arm-none-eabi/4.4.1/../../../../arm-none-eabi/lib/thumb2/libcr_c.a(alloc.o) (__sys_appexit)
/usr/local/LPCXpresso/tools/bin/../lib/gcc/arm-none-eabi/4.4.1/../../../../arm-none-eabi/lib/thumb2/libcr_semihost.a(__sys_flen.o)
                              /usr/local/LPCXpresso/tools/bin/../lib/gcc/arm-none-eabi/4.4.1/../../../../arm-none-eabi/lib/thumb2/libcr_c.a(_writebuf.o) (__sys_flen)
/usr/local/LPCXpresso/tools/bin/../lib/gcc/arm-none-eabi/4.4.1/../../../../arm-none-eabi/lib/thumb2/libcr_semihost.a(__sys_istty.o)
                              /usr/local/LPCXpresso/tools/bin/../lib/gcc/arm-none-eabi/4.4.1/../../../../arm-none-eabi/lib/thumb2/libcr_c.a(_deferredlazyseek.o) (__sys_istty)
/usr/local/LPCXpresso/tools/bin/../lib/gcc/arm-none-eabi/4.4.1/../../../../arm-none-eabi/lib/thumb2/libcr_semihost.a(__sys_read.o)
                              /usr/local/LPCXpresso/tools/bin/../lib/gcc/arm-none-eabi/4.4.1/../../../../arm-none-eabi/lib/thumb2/libcr_c.a(__fillbuf.o) (__sys_read)
/usr/local/LPCXpresso/tools/bin/../lib/gcc/arm-none-eabi/4.4.1/../../../../arm-none-eabi/lib/thumb2/libcr_semihost.a(__sys_readc.o)
                              /usr/local/LPCXpresso/tools/bin/../lib/gcc/arm-none-eabi/4.4.1/../../../../arm-none-eabi/lib/thumb2/libcr_c.a(__fillbuf.o) (__sys_readc)
/usr/local/LPCXpresso/tools/bin/../lib/gcc/arm-none-eabi/4.4.1/../../../../arm-none-eabi/lib/thumb2/libcr_semihost.a(__sys_seek.o)
                              /usr/local/LPCXpresso/tools/bin/../lib/gcc/arm-none-eabi/4.4.1/../../../../arm-none-eabi/lib/thumb2/libcr_c.a(__fillbuf.o) (__sys_seek)
/usr/local/LPCXpresso/tools/bin/../lib/gcc/arm-none-eabi/4.4.1/../../../../arm-none-eabi/lib/thumb2/libcr_semihost.a(_cr_sbrk.o)
                              /usr/local/LPCXpresso/tools/bin/../lib/gcc/arm-none-eabi/4.4.1/../../../../arm-none-eabi/lib/thumb2/libcr_c.a(alloc.o) (_sbrk)
/usr/local/LPCXpresso/tools/bin/../lib/gcc/arm-none-eabi/4.4.1/../../../../arm-none-eabi/lib/thumb2/libcr_semihost.a(_cr_check_heap.o)
                              /usr/local/LPCXpresso/tools/bin/../lib/gcc/arm-none-eabi/4.4.1/../../../../arm-none-eabi/lib/thumb2/libcr_semihost.a(_cr_sbrk.o) (__check_heap_overflow)

Allocating common symbols
Common symbol       size              file

__heaps             0x4               /usr/local/LPCXpresso/tools/bin/../lib/gcc/arm-none-eabi/4.4.1/../../../../arm-none-eabi/lib/thumb2/libcr_c.a(__init_alloc.o)
__end_of_heap       0x4               /usr/local/LPCXpresso/tools/bin/../lib/gcc/arm-none-eabi/4.4.1/../../../../arm-none-eabi/lib/thumb2/libcr_c.a(__init_alloc.o)
__Ciob              0x140             /usr/local/LPCXpresso/tools/bin/../lib/gcc/arm-none-eabi/4.4.1/../../../../arm-none-eabi/lib/thumb2/libcr_c.a(stdio.o)

Discarded input sections

 .text          0x00000000        0x0 ./cr_startup_lpc17.o
 .data          0x00000000        0x0 ./cr_startup_lpc17.o
 .bss           0x00000000        0x0 ./cr_startup_lpc17.o
 .text.SVCall_Handler
                0x00000000        0x8 ./cr_startup_lpc17.o
 .text.PendSV_Handler
                0x00000000        0x8 ./cr_startup_lpc17.o
 .text.SysTick_Handler
                0x00000000        0x8 ./cr_startup_lpc17.o
 .text          0x00000000        0x0 ./main.o
 .bss           0x00000000        0x0 ./main.o
 .text          0x00000000        0x0 /home/andresdido/workspace/CMSISv1p30_LPC17xx/Debug/libCMSISv1p30_LPC17xx.a(system_LPC17xx.o)
 .data          0x00000000        0x4 /home/andresdido/workspace/CMSISv1p30_LPC17xx/Debug/libCMSISv1p30_LPC17xx.a(system_LPC17xx.o)
 .bss           0x00000000        0x0 /home/andresdido/workspace/CMSISv1p30_LPC17xx/Debug/libCMSISv1p30_LPC17xx.a(system_LPC17xx.o)
 .text.SystemCoreClockUpdate
                0x00000000      0x228 /home/andresdido/workspace/CMSISv1p30_LPC17xx/Debug/libCMSISv1p30_LPC17xx.a(system_LPC17xx.o)
 .data          0x00000000        0x0 /home/andresdido/workspace/FreeRTOS_Library/Debug/libFreeRTOS_Library.a(tasks.o)
 .data          0x00000000        0x0 /home/andresdido/workspace/FreeRTOS_Library/Debug/libFreeRTOS_Library.a(heap_2.o)
 .bss           0x00000000        0x0 /home/andresdido/workspace/FreeRTOS_Library/Debug/libFreeRTOS_Library.a(port.o)
 .rodata        0x00000000        0x4 /home/andresdido/workspace/FreeRTOS_Library/Debug/libFreeRTOS_Library.a(port.o)
 .data          0x00000000        0x0 /home/andresdido/workspace/FreeRTOS_Library/Debug/libFreeRTOS_Library.a(basic_io.o)
 .data          0x00000000        0x0 /home/andresdido/workspace/FreeRTOS_Library/Debug/libFreeRTOS_Library.a(consoleprint.o)
 .bss           0x00000000        0x0 /home/andresdido/workspace/FreeRTOS_Library/Debug/libFreeRTOS_Library.a(consoleprint.o)
 .data          0x00000000        0x0 /home/andresdido/workspace/FreeRTOS_Library/Debug/libFreeRTOS_Library.a(list.o)
 .bss           0x00000000        0x0 /home/andresdido/workspace/FreeRTOS_Library/Debug/libFreeRTOS_Library.a(list.o)
 .text          0x00000000        0x0 /usr/local/LPCXpresso/tools/bin/../lib/gcc/arm-none-eabi/4.4.1/../../../../arm-none-eabi/lib/thumb2/libcr_semihost.a(__sys_write.o)
 .data          0x00000000        0x0 /usr/local/LPCXpresso/tools/bin/../lib/gcc/arm-none-eabi/4.4.1/../../../../arm-none-eabi/lib/thumb2/libcr_semihost.a(__sys_write.o)
 .bss           0x00000000        0x0 /usr/local/LPCXpresso/tools/bin/../lib/gcc/arm-none-eabi/4.4.1/../../../../arm-none-eabi/lib/thumb2/libcr_semihost.a(__sys_write.o)
 .text          0x00000000        0x0 /usr/local/LPCXpresso/tools/bin/../lib/gcc/arm-none-eabi/4.4.1/../../../../arm-none-eabi/lib/thumb2/libcr_c.a(fpprintf.o)
 .data          0x00000000        0x0 /usr/local/LPCXpresso/tools/bin/../lib/gcc/arm-none-eabi/4.4.1/../../../../arm-none-eabi/lib/thumb2/libcr_c.a(fpprintf.o)
 .bss           0x00000000        0x0 /usr/local/LPCXpresso/tools/bin/../lib/gcc/arm-none-eabi/4.4.1/../../../../arm-none-eabi/lib/thumb2/libcr_c.a(fpprintf.o)
 .text.vprintf  0x00000000       0x24 /usr/local/LPCXpresso/tools/bin/../lib/gcc/arm-none-eabi/4.4.1/../../../../arm-none-eabi/lib/thumb2/libcr_c.a(fpprintf.o)
 .text.vfprintf
                0x00000000       0x1c /usr/local/LPCXpresso/tools/bin/../lib/gcc/arm-none-eabi/4.4.1/../../../../arm-none-eabi/lib/thumb2/libcr_c.a(fpprintf.o)
 .text.vsnprintf
                0x00000000       0x64 /usr/local/LPCXpresso/tools/bin/../lib/gcc/arm-none-eabi/4.4.1/../../../../arm-none-eabi/lib/thumb2/libcr_c.a(fpprintf.o)
 .text.vsprintf
                0x00000000       0x60 /usr/local/LPCXpresso/tools/bin/../lib/gcc/arm-none-eabi/4.4.1/../../../../arm-none-eabi/lib/thumb2/libcr_c.a(fpprintf.o)
 .text.snprintf
                0x00000000       0x6c /usr/local/LPCXpresso/tools/bin/../lib/gcc/arm-none-eabi/4.4.1/../../../../arm-none-eabi/lib/thumb2/libcr_c.a(fpprintf.o)
 .text.printf_char
                0x00000000       0x34 /usr/local/LPCXpresso/tools/bin/../lib/gcc/arm-none-eabi/4.4.1/../../../../arm-none-eabi/lib/thumb2/libcr_c.a(fpprintf.o)
 .text.fprintf  0x00000000       0x30 /usr/local/LPCXpresso/tools/bin/../lib/gcc/arm-none-eabi/4.4.1/../../../../arm-none-eabi/lib/thumb2/libcr_c.a(fpprintf.o)
 .text.printf   0x00000000       0x4a /usr/local/LPCXpresso/tools/bin/../lib/gcc/arm-none-eabi/4.4.1/../../../../arm-none-eabi/lib/thumb2/libcr_c.a(fpprintf.o)
 .text          0x00000000        0x0 /usr/local/LPCXpresso/tools/bin/../lib/gcc/arm-none-eabi/4.4.1/../../../../arm-none-eabi/lib/thumb2/libcr_c.a(memcmp.o)
 .data          0x00000000        0x0 /usr/local/LPCXpresso/tools/bin/../lib/gcc/arm-none-eabi/4.4.1/../../../../arm-none-eabi/lib/thumb2/libcr_c.a(memcmp.o)
 .bss           0x00000000        0x0 /usr/local/LPCXpresso/tools/bin/../lib/gcc/arm-none-eabi/4.4.1/../../../../arm-none-eabi/lib/thumb2/libcr_c.a(memcmp.o)
 .text          0x00000000        0x0 /usr/local/LPCXpresso/tools/bin/../lib/gcc/arm-none-eabi/4.4.1/../../../../arm-none-eabi/lib/thumb2/libcr_c.a(printf.o)
 .data          0x00000000        0x0 /usr/local/LPCXpresso/tools/bin/../lib/gcc/arm-none-eabi/4.4.1/../../../../arm-none-eabi/lib/thumb2/libcr_c.a(printf.o)
 .bss           0x00000000        0x0 /usr/local/LPCXpresso/tools/bin/../lib/gcc/arm-none-eabi/4.4.1/../../../../arm-none-eabi/lib/thumb2/libcr_c.a(printf.o)
 .text.no_fp_display
                0x00000000        0x4 /usr/local/LPCXpresso/tools/bin/../lib/gcc/arm-none-eabi/4.4.1/../../../../arm-none-eabi/lib/thumb2/libcr_c.a(printf.o)
 .text._vsnprintf
                0x00000000       0x64 /usr/local/LPCXpresso/tools/bin/../lib/gcc/arm-none-eabi/4.4.1/../../../../arm-none-eabi/lib/thumb2/libcr_c.a(printf.o)
 .text._printf  0x00000000       0x4a /usr/local/LPCXpresso/tools/bin/../lib/gcc/arm-none-eabi/4.4.1/../../../../arm-none-eabi/lib/thumb2/libcr_c.a(printf.o)
 .text._vsprintf
                0x00000000       0x60 /usr/local/LPCXpresso/tools/bin/../lib/gcc/arm-none-eabi/4.4.1/../../../../arm-none-eabi/lib/thumb2/libcr_c.a(printf.o)
 .text._vfprintf
                0x00000000       0x20 /usr/local/LPCXpresso/tools/bin/../lib/gcc/arm-none-eabi/4.4.1/../../../../arm-none-eabi/lib/thumb2/libcr_c.a(printf.o)
 .text._snprintf
                0x00000000       0x6c /usr/local/LPCXpresso/tools/bin/../lib/gcc/arm-none-eabi/4.4.1/../../../../arm-none-eabi/lib/thumb2/libcr_c.a(printf.o)
 .text._sprintf
                0x00000000       0x6c /usr/local/LPCXpresso/tools/bin/../lib/gcc/arm-none-eabi/4.4.1/../../../../arm-none-eabi/lib/thumb2/libcr_c.a(printf.o)
 .text._printf_char
                0x00000000       0x34 /usr/local/LPCXpresso/tools/bin/../lib/gcc/arm-none-eabi/4.4.1/../../../../arm-none-eabi/lib/thumb2/libcr_c.a(printf.o)
 .text._fprintf
                0x00000000       0x30 /usr/local/LPCXpresso/tools/bin/../lib/gcc/arm-none-eabi/4.4.1/../../../../arm-none-eabi/lib/thumb2/libcr_c.a(printf.o)
 .text          0x00000000        0x0 /usr/local/LPCXpresso/tools/bin/../lib/gcc/arm-none-eabi/4.4.1/../../../../arm-none-eabi/lib/thumb2/libcr_c.a(stdio.o)
 .data          0x00000000        0x0 /usr/local/LPCXpresso/tools/bin/../lib/gcc/arm-none-eabi/4.4.1/../../../../arm-none-eabi/lib/thumb2/libcr_c.a(stdio.o)
 .bss           0x00000000        0x0 /usr/local/LPCXpresso/tools/bin/../lib/gcc/arm-none-eabi/4.4.1/../../../../arm-none-eabi/lib/thumb2/libcr_c.a(stdio.o)
 .text.feof     0x00000000        0x8 /usr/local/LPCXpresso/tools/bin/../lib/gcc/arm-none-eabi/4.4.1/../../../../arm-none-eabi/lib/thumb2/libcr_c.a(stdio.o)
 .text.ferror   0x00000000        0x8 /usr/local/LPCXpresso/tools/bin/../lib/gcc/arm-none-eabi/4.4.1/../../../../arm-none-eabi/lib/thumb2/libcr_c.a(stdio.o)
 .text.clearerr
                0x00000000        0xe /usr/local/LPCXpresso/tools/bin/../lib/gcc/arm-none-eabi/4.4.1/../../../../arm-none-eabi/lib/thumb2/libcr_c.a(stdio.o)
 .text.putchar  0x00000000       0x24 /usr/local/LPCXpresso/tools/bin/../lib/gcc/arm-none-eabi/4.4.1/../../../../arm-none-eabi/lib/thumb2/libcr_c.a(stdio.o)
 .text.putc     0x00000000       0x1a /usr/local/LPCXpresso/tools/bin/../lib/gcc/arm-none-eabi/4.4.1/../../../../arm-none-eabi/lib/thumb2/libcr_c.a(stdio.o)
 .text.fputc    0x00000000       0x1a /usr/local/LPCXpresso/tools/bin/../lib/gcc/arm-none-eabi/4.4.1/../../../../arm-none-eabi/lib/thumb2/libcr_c.a(stdio.o)
 .text.getchar  0x00000000       0x20 /usr/local/LPCXpresso/tools/bin/../lib/gcc/arm-none-eabi/4.4.1/../../../../arm-none-eabi/lib/thumb2/libcr_c.a(stdio.o)
 .text.getc     0x00000000       0x1a /usr/local/LPCXpresso/tools/bin/../lib/gcc/arm-none-eabi/4.4.1/../../../../arm-none-eabi/lib/thumb2/libcr_c.a(stdio.o)
 .text.fgetc    0x00000000       0x1a /usr/local/LPCXpresso/tools/bin/../lib/gcc/arm-none-eabi/4.4.1/../../../../arm-none-eabi/lib/thumb2/libcr_c.a(stdio.o)
 COMMON         0x00000000      0x140 /usr/local/LPCXpresso/tools/bin/../lib/gcc/arm-none-eabi/4.4.1/../../../../arm-none-eabi/lib/thumb2/libcr_c.a(stdio.o)
 .text          0x00000000        0x0 /usr/local/LPCXpresso/tools/bin/../lib/gcc/arm-none-eabi/4.4.1/../../../../arm-none-eabi/lib/thumb2/libcr_c.a(strcpy.o)
 .data          0x00000000        0x0 /usr/local/LPCXpresso/tools/bin/../lib/gcc/arm-none-eabi/4.4.1/../../../../arm-none-eabi/lib/thumb2/libcr_c.a(strcpy.o)
 .bss           0x00000000        0x0 /usr/local/LPCXpresso/tools/bin/../lib/gcc/arm-none-eabi/4.4.1/../../../../arm-none-eabi/lib/thumb2/libcr_c.a(strcpy.o)
 .text          0x00000000        0x0 /usr/local/LPCXpresso/tools/bin/../lib/gcc/arm-none-eabi/4.4.1/../../../../arm-none-eabi/lib/thumb2/libcr_c.a(strlen.o)
 .data          0x00000000        0x0 /usr/local/LPCXpresso/tools/bin/../lib/gcc/arm-none-eabi/4.4.1/../../../../arm-none-eabi/lib/thumb2/libcr_c.a(strlen.o)
 .bss           0x00000000        0x0 /usr/local/LPCXpresso/tools/bin/../lib/gcc/arm-none-eabi/4.4.1/../../../../arm-none-eabi/lib/thumb2/libcr_c.a(strlen.o)
 .text          0x00000000        0x0 /usr/local/LPCXpresso/tools/bin/../lib/gcc/arm-none-eabi/4.4.1/../../../../arm-none-eabi/lib/thumb2/libcr_c.a(strncpy.o)
 .data          0x00000000        0x0 /usr/local/LPCXpresso/tools/bin/../lib/gcc/arm-none-eabi/4.4.1/../../../../arm-none-eabi/lib/thumb2/libcr_c.a(strncpy.o)
 .bss           0x00000000        0x0 /usr/local/LPCXpresso/tools/bin/../lib/gcc/arm-none-eabi/4.4.1/../../../../arm-none-eabi/lib/thumb2/libcr_c.a(strncpy.o)
 .text          0x00000000        0x0 /usr/local/LPCXpresso/tools/bin/../lib/gcc/arm-none-eabi/4.4.1/../../../../arm-none-eabi/lib/thumb2/libcr_c.a(memset.o)
 .data          0x00000000        0x0 /usr/local/LPCXpresso/tools/bin/../lib/gcc/arm-none-eabi/4.4.1/../../../../arm-none-eabi/lib/thumb2/libcr_c.a(memset.o)
 .bss           0x00000000        0x0 /usr/local/LPCXpresso/tools/bin/../lib/gcc/arm-none-eabi/4.4.1/../../../../arm-none-eabi/lib/thumb2/libcr_c.a(memset.o)
 .text          0x00000000        0x0 /usr/local/LPCXpresso/tools/bin/../lib/gcc/arm-none-eabi/4.4.1/../../../../arm-none-eabi/lib/thumb2/libcr_c.a(__fillbuf.o)
 .data          0x00000000        0x0 /usr/local/LPCXpresso/tools/bin/../lib/gcc/arm-none-eabi/4.4.1/../../../../arm-none-eabi/lib/thumb2/libcr_c.a(__fillbuf.o)
 .bss           0x00000000        0x0 /usr/local/LPCXpresso/tools/bin/../lib/gcc/arm-none-eabi/4.4.1/../../../../arm-none-eabi/lib/thumb2/libcr_c.a(__fillbuf.o)
 .text._Csys_read_
                0x00000000       0x22 /usr/local/LPCXpresso/tools/bin/../lib/gcc/arm-none-eabi/4.4.1/../../../../arm-none-eabi/lib/thumb2/libcr_c.a(__fillbuf.o)
 .text.__filbuf
                0x00000000      0x188 /usr/local/LPCXpresso/tools/bin/../lib/gcc/arm-none-eabi/4.4.1/../../../../arm-none-eabi/lib/thumb2/libcr_c.a(__fillbuf.o)
 .text._fillb2  0x00000000       0x1e /usr/local/LPCXpresso/tools/bin/../lib/gcc/arm-none-eabi/4.4.1/../../../../arm-none-eabi/lib/thumb2/libcr_c.a(__fillbuf.o)
 .text          0x00000000        0x0 /usr/local/LPCXpresso/tools/bin/../lib/gcc/arm-none-eabi/4.4.1/../../../../arm-none-eabi/lib/thumb2/libcr_c.a(_deferredlazyseek.o)
 .data          0x00000000        0x0 /usr/local/LPCXpresso/tools/bin/../lib/gcc/arm-none-eabi/4.4.1/../../../../arm-none-eabi/lib/thumb2/libcr_c.a(_deferredlazyseek.o)
 .bss           0x00000000        0x0 /usr/local/LPCXpresso/tools/bin/../lib/gcc/arm-none-eabi/4.4.1/../../../../arm-none-eabi/lib/thumb2/libcr_c.a(_deferredlazyseek.o)
 .text          0x00000000        0x0 /usr/local/LPCXpresso/tools/bin/../lib/gcc/arm-none-eabi/4.4.1/../../../../arm-none-eabi/lib/thumb2/libcr_c.a(_fflush.o)
 .data          0x00000000        0x0 /usr/local/LPCXpresso/tools/bin/../lib/gcc/arm-none-eabi/4.4.1/../../../../arm-none-eabi/lib/thumb2/libcr_c.a(_fflush.o)
 .bss           0x00000000        0x0 /usr/local/LPCXpresso/tools/bin/../lib/gcc/arm-none-eabi/4.4.1/../../../../arm-none-eabi/lib/thumb2/libcr_c.a(_fflush.o)
 .text          0x00000000        0x0 /usr/local/LPCXpresso/tools/bin/../lib/gcc/arm-none-eabi/4.4.1/../../../../arm-none-eabi/lib/thumb2/libcr_c.a(_frexpl.o)
 .data          0x00000000        0x0 /usr/local/LPCXpresso/tools/bin/../lib/gcc/arm-none-eabi/4.4.1/../../../../arm-none-eabi/lib/thumb2/libcr_c.a(_frexpl.o)
 .bss           0x00000000        0x0 /usr/local/LPCXpresso/tools/bin/../lib/gcc/arm-none-eabi/4.4.1/../../../../arm-none-eabi/lib/thumb2/libcr_c.a(_frexpl.o)
 .text          0x00000000        0x0 /usr/local/LPCXpresso/tools/bin/../lib/gcc/arm-none-eabi/4.4.1/../../../../arm-none-eabi/lib/thumb2/libcr_c.a(_ldexpl.o)
 .data          0x00000000        0x0 /usr/local/LPCXpresso/tools/bin/../lib/gcc/arm-none-eabi/4.4.1/../../../../arm-none-eabi/lib/thumb2/libcr_c.a(_ldexpl.o)
 .bss           0x00000000        0x0 /usr/local/LPCXpresso/tools/bin/../lib/gcc/arm-none-eabi/4.4.1/../../../../arm-none-eabi/lib/thumb2/libcr_c.a(_ldexpl.o)
 .text          0x00000000        0x0 /usr/local/LPCXpresso/tools/bin/../lib/gcc/arm-none-eabi/4.4.1/../../../../arm-none-eabi/lib/thumb2/libcr_c.a(_writebuf.o)
 .data          0x00000000        0x0 /usr/local/LPCXpresso/tools/bin/../lib/gcc/arm-none-eabi/4.4.1/../../../../arm-none-eabi/lib/thumb2/libcr_c.a(_writebuf.o)
 .bss           0x00000000        0x0 /usr/local/LPCXpresso/tools/bin/../lib/gcc/arm-none-eabi/4.4.1/../../../../arm-none-eabi/lib/thumb2/libcr_c.a(_writebuf.o)
 .text          0x00000000        0x0 /usr/local/LPCXpresso/tools/bin/../lib/gcc/arm-none-eabi/4.4.1/../../../../arm-none-eabi/lib/thumb2/libcr_c.a(alloc.o)
 .data          0x00000000        0x0 /usr/local/LPCXpresso/tools/bin/../lib/gcc/arm-none-eabi/4.4.1/../../../../arm-none-eabi/lib/thumb2/libcr_c.a(alloc.o)
 .bss           0x00000000        0x0 /usr/local/LPCXpresso/tools/bin/../lib/gcc/arm-none-eabi/4.4.1/../../../../arm-none-eabi/lib/thumb2/libcr_c.a(alloc.o)
 .text.free     0x00000000        0xa /usr/local/LPCXpresso/tools/bin/../lib/gcc/arm-none-eabi/4.4.1/../../../../arm-none-eabi/lib/thumb2/libcr_c.a(alloc.o)
 .text.realloc  0x00000000       0x1c /usr/local/LPCXpresso/tools/bin/../lib/gcc/arm-none-eabi/4.4.1/../../../../arm-none-eabi/lib/thumb2/libcr_c.a(alloc.o)
 .text.calloc   0x00000000       0x54 /usr/local/LPCXpresso/tools/bin/../lib/gcc/arm-none-eabi/4.4.1/../../../../arm-none-eabi/lib/thumb2/libcr_c.a(alloc.o)
 .text          0x00000000        0x0 /usr/local/LPCXpresso/tools/bin/../lib/gcc/arm-none-eabi/4.4.1/../../../../arm-none-eabi/lib/thumb2/libcr_c.a(ctype.o)
 .data          0x00000000        0x0 /usr/local/LPCXpresso/tools/bin/../lib/gcc/arm-none-eabi/4.4.1/../../../../arm-none-eabi/lib/thumb2/libcr_c.a(ctype.o)
 .bss           0x00000000        0x0 /usr/local/LPCXpresso/tools/bin/../lib/gcc/arm-none-eabi/4.4.1/../../../../arm-none-eabi/lib/thumb2/libcr_c.a(ctype.o)
 .text.isalnum  0x00000000       0x14 /usr/local/LPCXpresso/tools/bin/../lib/gcc/arm-none-eabi/4.4.1/../../../../arm-none-eabi/lib/thumb2/libcr_c.a(ctype.o)
 .text.isalpha  0x00000000       0x14 /usr/local/LPCXpresso/tools/bin/../lib/gcc/arm-none-eabi/4.4.1/../../../../arm-none-eabi/lib/thumb2/libcr_c.a(ctype.o)
 .text.iscntrl  0x00000000       0x14 /usr/local/LPCXpresso/tools/bin/../lib/gcc/arm-none-eabi/4.4.1/../../../../arm-none-eabi/lib/thumb2/libcr_c.a(ctype.o)
 .text.isdigit  0x00000000       0x14 /usr/local/LPCXpresso/tools/bin/../lib/gcc/arm-none-eabi/4.4.1/../../../../arm-none-eabi/lib/thumb2/libcr_c.a(ctype.o)
 .text.isgraph  0x00000000       0x14 /usr/local/LPCXpresso/tools/bin/../lib/gcc/arm-none-eabi/4.4.1/../../../../arm-none-eabi/lib/thumb2/libcr_c.a(ctype.o)
 .text.islower  0x00000000       0x14 /usr/local/LPCXpresso/tools/bin/../lib/gcc/arm-none-eabi/4.4.1/../../../../arm-none-eabi/lib/thumb2/libcr_c.a(ctype.o)
 .text.isprint  0x00000000       0x14 /usr/local/LPCXpresso/tools/bin/../lib/gcc/arm-none-eabi/4.4.1/../../../../arm-none-eabi/lib/thumb2/libcr_c.a(ctype.o)
 .text.ispunct  0x00000000       0x14 /usr/local/LPCXpresso/tools/bin/../lib/gcc/arm-none-eabi/4.4.1/../../../../arm-none-eabi/lib/thumb2/libcr_c.a(ctype.o)
 .text.isspace  0x00000000       0x14 /usr/local/LPCXpresso/tools/bin/../lib/gcc/arm-none-eabi/4.4.1/../../../../arm-none-eabi/lib/thumb2/libcr_c.a(ctype.o)
 .text.isupper  0x00000000       0x14 /usr/local/LPCXpresso/tools/bin/../lib/gcc/arm-none-eabi/4.4.1/../../../../arm-none-eabi/lib/thumb2/libcr_c.a(ctype.o)
 .text.isxdigit
                0x00000000       0x14 /usr/local/LPCXpresso/tools/bin/../lib/gcc/arm-none-eabi/4.4.1/../../../../arm-none-eabi/lib/thumb2/libcr_c.a(ctype.o)
 .text.tolower  0x00000000       0x18 /usr/local/LPCXpresso/tools/bin/../lib/gcc/arm-none-eabi/4.4.1/../../../../arm-none-eabi/lib/thumb2/libcr_c.a(ctype.o)
 .text.toupper  0x00000000       0x18 /usr/local/LPCXpresso/tools/bin/../lib/gcc/arm-none-eabi/4.4.1/../../../../arm-none-eabi/lib/thumb2/libcr_c.a(ctype.o)
 .text          0x00000000        0x0 /usr/local/LPCXpresso/tools/bin/../lib/gcc/arm-none-eabi/4.4.1/../../../../arm-none-eabi/lib/thumb2/libcr_c.a(errno.o)
 .data          0x00000000        0x0 /usr/local/LPCXpresso/tools/bin/../lib/gcc/arm-none-eabi/4.4.1/../../../../arm-none-eabi/lib/thumb2/libcr_c.a(errno.o)
 .bss           0x00000000        0x0 /usr/local/LPCXpresso/tools/bin/../lib/gcc/arm-none-eabi/4.4.1/../../../../arm-none-eabi/lib/thumb2/libcr_c.a(errno.o)
 .text          0x00000000        0x0 /usr/local/LPCXpresso/tools/bin/../lib/gcc/arm-none-eabi/4.4.1/../../../../arm-none-eabi/lib/thumb2/libcr_c.a(fseek.o)
 .data          0x00000000        0x0 /usr/local/LPCXpresso/tools/bin/../lib/gcc/arm-none-eabi/4.4.1/../../../../arm-none-eabi/lib/thumb2/libcr_c.a(fseek.o)
 .bss           0x00000000        0x0 /usr/local/LPCXpresso/tools/bin/../lib/gcc/arm-none-eabi/4.4.1/../../../../arm-none-eabi/lib/thumb2/libcr_c.a(fseek.o)
 .text          0x00000000        0x0 /usr/local/LPCXpresso/tools/bin/../lib/gcc/arm-none-eabi/4.4.1/../../../../arm-none-eabi/lib/thumb2/libcr_c.a(ftell.o)
 .data          0x00000000        0x0 /usr/local/LPCXpresso/tools/bin/../lib/gcc/arm-none-eabi/4.4.1/../../../../arm-none-eabi/lib/thumb2/libcr_c.a(ftell.o)
 .bss           0x00000000        0x0 /usr/local/LPCXpresso/tools/bin/../lib/gcc/arm-none-eabi/4.4.1/../../../../arm-none-eabi/lib/thumb2/libcr_c.a(ftell.o)
 .text          0x00000000        0x0 /usr/local/LPCXpresso/tools/bin/../lib/gcc/arm-none-eabi/4.4.1/../../../../arm-none-eabi/lib/thumb2/libcr_c.a(memcpy.o)
 .data          0x00000000        0x0 /usr/local/LPCXpresso/tools/bin/../lib/gcc/arm-none-eabi/4.4.1/../../../../arm-none-eabi/lib/thumb2/libcr_c.a(memcpy.o)
 .bss           0x00000000        0x0 /usr/local/LPCXpresso/tools/bin/../lib/gcc/arm-none-eabi/4.4.1/../../../../arm-none-eabi/lib/thumb2/libcr_c.a(memcpy.o)
 .text.memcpy   0x00000000        0x4 /usr/local/LPCXpresso/tools/bin/../lib/gcc/arm-none-eabi/4.4.1/../../../../arm-none-eabi/lib/thumb2/libcr_c.a(memcpy.o)
 .text          0x00000000        0x0 /usr/local/LPCXpresso/tools/bin/../lib/gcc/arm-none-eabi/4.4.1/../../../../arm-none-eabi/lib/thumb2/libcr_c.a(__init_alloc.o)
 .data          0x00000000        0x0 /usr/local/LPCXpresso/tools/bin/../lib/gcc/arm-none-eabi/4.4.1/../../../../arm-none-eabi/lib/thumb2/libcr_c.a(__init_alloc.o)
 .bss           0x00000000        0x0 /usr/local/LPCXpresso/tools/bin/../lib/gcc/arm-none-eabi/4.4.1/../../../../arm-none-eabi/lib/thumb2/libcr_c.a(__init_alloc.o)
 .text._init_alloc
                0x00000000       0x14 /usr/local/LPCXpresso/tools/bin/../lib/gcc/arm-none-eabi/4.4.1/../../../../arm-none-eabi/lib/thumb2/libcr_c.a(__init_alloc.o)
 .text          0x00000000        0x0 /usr/local/LPCXpresso/tools/bin/../lib/gcc/arm-none-eabi/4.4.1/../../../../arm-none-eabi/lib/thumb2/libcr_c.a(_hugeval.o)
 .data          0x00000000        0x0 /usr/local/LPCXpresso/tools/bin/../lib/gcc/arm-none-eabi/4.4.1/../../../../arm-none-eabi/lib/thumb2/libcr_c.a(_hugeval.o)
 .bss           0x00000000        0x0 /usr/local/LPCXpresso/tools/bin/../lib/gcc/arm-none-eabi/4.4.1/../../../../arm-none-eabi/lib/thumb2/libcr_c.a(_hugeval.o)
 .rodata.__huge_val
                0x00000000        0x8 /usr/local/LPCXpresso/tools/bin/../lib/gcc/arm-none-eabi/4.4.1/../../../../arm-none-eabi/lib/thumb2/libcr_c.a(_hugeval.o)
 .text          0x00000000        0x0 /usr/local/LPCXpresso/tools/bin/../lib/gcc/arm-none-eabi/4.4.1/thumb2/libcr_eabihelpers.a(double.o)
 .data          0x00000000        0x0 /usr/local/LPCXpresso/tools/bin/../lib/gcc/arm-none-eabi/4.4.1/thumb2/libcr_eabihelpers.a(double.o)
 .bss           0x00000000        0x0 /usr/local/LPCXpresso/tools/bin/../lib/gcc/arm-none-eabi/4.4.1/thumb2/libcr_eabihelpers.a(double.o)
 .text.__aeabi_drsub
                0x00000000       0x1c /usr/local/LPCXpresso/tools/bin/../lib/gcc/arm-none-eabi/4.4.1/thumb2/libcr_eabihelpers.a(double.o)
 .text.__aeabi_dneg
                0x00000000        0xc /usr/local/LPCXpresso/tools/bin/../lib/gcc/arm-none-eabi/4.4.1/thumb2/libcr_eabihelpers.a(double.o)
 .text.__aeabi_d2f
                0x00000000       0x58 /usr/local/LPCXpresso/tools/bin/../lib/gcc/arm-none-eabi/4.4.1/thumb2/libcr_eabihelpers.a(double.o)
 .text.__aeabi_d2uiz
                0x00000000       0x30 /usr/local/LPCXpresso/tools/bin/../lib/gcc/arm-none-eabi/4.4.1/thumb2/libcr_eabihelpers.a(double.o)
 .text.__aeabi_d2lz
                0x00000000       0x6a /usr/local/LPCXpresso/tools/bin/../lib/gcc/arm-none-eabi/4.4.1/thumb2/libcr_eabihelpers.a(double.o)
 .text.__aeabi_d2ulz
                0x00000000       0x54 /usr/local/LPCXpresso/tools/bin/../lib/gcc/arm-none-eabi/4.4.1/thumb2/libcr_eabihelpers.a(double.o)
 .text.__bhs_ul2d
                0x00000000       0x9a /usr/local/LPCXpresso/tools/bin/../lib/gcc/arm-none-eabi/4.4.1/thumb2/libcr_eabihelpers.a(double.o)
 .text.__aeabi_ui2d
                0x00000000        0x8 /usr/local/LPCXpresso/tools/bin/../lib/gcc/arm-none-eabi/4.4.1/thumb2/libcr_eabihelpers.a(double.o)
 .text.__aeabi_l2d
                0x00000000       0x16 /usr/local/LPCXpresso/tools/bin/../lib/gcc/arm-none-eabi/4.4.1/thumb2/libcr_eabihelpers.a(double.o)
 .text.__aeabi_ul2d
                0x00000000        0x8 /usr/local/LPCXpresso/tools/bin/../lib/gcc/arm-none-eabi/4.4.1/thumb2/libcr_eabihelpers.a(double.o)
 .text.__aeabi_dcmpgt
                0x00000000       0x5a /usr/local/LPCXpresso/tools/bin/../lib/gcc/arm-none-eabi/4.4.1/thumb2/libcr_eabihelpers.a(double.o)
 .text.__aeabi_dcmpun
                0x00000000       0x1a /usr/local/LPCXpresso/tools/bin/../lib/gcc/arm-none-eabi/4.4.1/thumb2/libcr_eabihelpers.a(double.o)
 .text.__aeabi_cdcmple
                0x00000000       0x30 /usr/local/LPCXpresso/tools/bin/../lib/gcc/arm-none-eabi/4.4.1/thumb2/libcr_eabihelpers.a(double.o)
 .text.__aeabi_cdrcmple
                0x00000000       0x16 /usr/local/LPCXpresso/tools/bin/../lib/gcc/arm-none-eabi/4.4.1/thumb2/libcr_eabihelpers.a(double.o)
 .text          0x00000000        0x0 /usr/local/LPCXpresso/tools/bin/../lib/gcc/arm-none-eabi/4.4.1/thumb2/libcr_eabihelpers.a(memcpy.o)
 .data          0x00000000        0x0 /usr/local/LPCXpresso/tools/bin/../lib/gcc/arm-none-eabi/4.4.1/thumb2/libcr_eabihelpers.a(memcpy.o)
 .bss           0x00000000        0x0 /usr/local/LPCXpresso/tools/bin/../lib/gcc/arm-none-eabi/4.4.1/thumb2/libcr_eabihelpers.a(memcpy.o)
 .text.__aeabi_memcpy
                0x00000000       0x26 /usr/local/LPCXpresso/tools/bin/../lib/gcc/arm-none-eabi/4.4.1/thumb2/libcr_eabihelpers.a(memcpy.o)
 .text.__aeabi_memmove
                0x00000000       0x1c /usr/local/LPCXpresso/tools/bin/../lib/gcc/arm-none-eabi/4.4.1/thumb2/libcr_eabihelpers.a(memcpy.o)
 .text.__aeabi_memclr
                0x00000000        0x8 /usr/local/LPCXpresso/tools/bin/../lib/gcc/arm-none-eabi/4.4.1/thumb2/libcr_eabihelpers.a(memcpy.o)
 .text.__aeabi_memset
                0x00000000        0xa /usr/local/LPCXpresso/tools/bin/../lib/gcc/arm-none-eabi/4.4.1/thumb2/libcr_eabihelpers.a(memcpy.o)
 .text          0x00000000        0x0 /usr/local/LPCXpresso/tools/bin/../lib/gcc/arm-none-eabi/4.4.1/../../../../arm-none-eabi/lib/thumb2/libcr_semihost.a(__sys_appexit.o)
 .data          0x00000000        0x0 /usr/local/LPCXpresso/tools/bin/../lib/gcc/arm-none-eabi/4.4.1/../../../../arm-none-eabi/lib/thumb2/libcr_semihost.a(__sys_appexit.o)
 .bss           0x00000000        0x0 /usr/local/LPCXpresso/tools/bin/../lib/gcc/arm-none-eabi/4.4.1/../../../../arm-none-eabi/lib/thumb2/libcr_semihost.a(__sys_appexit.o)
 .text          0x00000000        0x0 /usr/local/LPCXpresso/tools/bin/../lib/gcc/arm-none-eabi/4.4.1/../../../../arm-none-eabi/lib/thumb2/libcr_semihost.a(__sys_flen.o)
 .data          0x00000000        0x0 /usr/local/LPCXpresso/tools/bin/../lib/gcc/arm-none-eabi/4.4.1/../../../../arm-none-eabi/lib/thumb2/libcr_semihost.a(__sys_flen.o)
 .bss           0x00000000        0x0 /usr/local/LPCXpresso/tools/bin/../lib/gcc/arm-none-eabi/4.4.1/../../../../arm-none-eabi/lib/thumb2/libcr_semihost.a(__sys_flen.o)
 .text          0x00000000        0x0 /usr/local/LPCXpresso/tools/bin/../lib/gcc/arm-none-eabi/4.4.1/../../../../arm-none-eabi/lib/thumb2/libcr_semihost.a(__sys_istty.o)
 .data          0x00000000        0x0 /usr/local/LPCXpresso/tools/bin/../lib/gcc/arm-none-eabi/4.4.1/../../../../arm-none-eabi/lib/thumb2/libcr_semihost.a(__sys_istty.o)
 .bss           0x00000000        0x0 /usr/local/LPCXpresso/tools/bin/../lib/gcc/arm-none-eabi/4.4.1/../../../../arm-none-eabi/lib/thumb2/libcr_semihost.a(__sys_istty.o)
 .text          0x00000000        0x0 /usr/local/LPCXpresso/tools/bin/../lib/gcc/arm-none-eabi/4.4.1/../../../../arm-none-eabi/lib/thumb2/libcr_semihost.a(__sys_read.o)
 .data          0x00000000        0x0 /usr/local/LPCXpresso/tools/bin/../lib/gcc/arm-none-eabi/4.4.1/../../../../arm-none-eabi/lib/thumb2/libcr_semihost.a(__sys_read.o)
 .bss           0x00000000        0x0 /usr/local/LPCXpresso/tools/bin/../lib/gcc/arm-none-eabi/4.4.1/../../../../arm-none-eabi/lib/thumb2/libcr_semihost.a(__sys_read.o)
 .text.__sys_read
                0x00000000        0xc /usr/local/LPCXpresso/tools/bin/../lib/gcc/arm-none-eabi/4.4.1/../../../../arm-none-eabi/lib/thumb2/libcr_semihost.a(__sys_read.o)
 .text          0x00000000        0x0 /usr/local/LPCXpresso/tools/bin/../lib/gcc/arm-none-eabi/4.4.1/../../../../arm-none-eabi/lib/thumb2/libcr_semihost.a(__sys_readc.o)
 .data          0x00000000        0x0 /usr/local/LPCXpresso/tools/bin/../lib/gcc/arm-none-eabi/4.4.1/../../../../arm-none-eabi/lib/thumb2/libcr_semihost.a(__sys_readc.o)
 .bss           0x00000000        0x0 /usr/local/LPCXpresso/tools/bin/../lib/gcc/arm-none-eabi/4.4.1/../../../../arm-none-eabi/lib/thumb2/libcr_semihost.a(__sys_readc.o)
 .text.__sys_readc
                0x00000000        0x8 /usr/local/LPCXpresso/tools/bin/../lib/gcc/arm-none-eabi/4.4.1/../../../../arm-none-eabi/lib/thumb2/libcr_semihost.a(__sys_readc.o)
 .text          0x00000000        0x0 /usr/local/LPCXpresso/tools/bin/../lib/gcc/arm-none-eabi/4.4.1/../../../../arm-none-eabi/lib/thumb2/libcr_semihost.a(__sys_seek.o)
 .data          0x00000000        0x0 /usr/local/LPCXpresso/tools/bin/../lib/gcc/arm-none-eabi/4.4.1/../../../../arm-none-eabi/lib/thumb2/libcr_semihost.a(__sys_seek.o)
 .bss           0x00000000        0x0 /usr/local/LPCXpresso/tools/bin/../lib/gcc/arm-none-eabi/4.4.1/../../../../arm-none-eabi/lib/thumb2/libcr_semihost.a(__sys_seek.o)
 .text          0x00000000        0x0 /usr/local/LPCXpresso/tools/bin/../lib/gcc/arm-none-eabi/4.4.1/../../../../arm-none-eabi/lib/thumb2/libcr_semihost.a(_cr_sbrk.o)
 .data          0x00000000        0x0 /usr/local/LPCXpresso/tools/bin/../lib/gcc/arm-none-eabi/4.4.1/../../../../arm-none-eabi/lib/thumb2/libcr_semihost.a(_cr_sbrk.o)
 .bss           0x00000000        0x0 /usr/local/LPCXpresso/tools/bin/../lib/gcc/arm-none-eabi/4.4.1/../../../../arm-none-eabi/lib/thumb2/libcr_semihost.a(_cr_sbrk.o)
 .text          0x00000000        0x0 /usr/local/LPCXpresso/tools/bin/../lib/gcc/arm-none-eabi/4.4.1/../../../../arm-none-eabi/lib/thumb2/libcr_semihost.a(_cr_check_heap.o)
 .data          0x00000000        0x0 /usr/local/LPCXpresso/tools/bin/../lib/gcc/arm-none-eabi/4.4.1/../../../../arm-none-eabi/lib/thumb2/libcr_semihost.a(_cr_check_heap.o)
 .bss           0x00000000        0x0 /usr/local/LPCXpresso/tools/bin/../lib/gcc/arm-none-eabi/4.4.1/../../../../arm-none-eabi/lib/thumb2/libcr_semihost.a(_cr_check_heap.o)

Memory Configuration

Name             Origin             Length             Attributes
MFlash512        0x00000000         0x00020000         xr
RamLoc32         0x10000000         0x00008000         xrw
RamAHB32         0x2007c000         0x00008000         xrw
*default*        0x00000000         0xffffffff

Linker script and memory map

LOAD ./cr_startup_lpc17.o
LOAD ./main.o
LOAD /home/andresdido/workspace/CMSISv1p30_LPC17xx/Debug/libCMSISv1p30_LPC17xx.a
LOAD /home/andresdido/workspace/FreeRTOS_Library/Debug/libFreeRTOS_Library.a
START GROUP
LOAD /usr/local/LPCXpresso/tools/bin/../lib/gcc/arm-none-eabi/4.4.1/../../../../arm-none-eabi/lib/thumb2/libcr_semihost.a
LOAD /usr/local/LPCXpresso/tools/bin/../lib/gcc/arm-none-eabi/4.4.1/../../../../arm-none-eabi/lib/thumb2/libcr_c.a
LOAD /usr/local/LPCXpresso/tools/bin/../lib/gcc/arm-none-eabi/4.4.1/thumb2/libcr_eabihelpers.a
END GROUP
                0x00080000                __top_MFlash512 = 0x80000
                0x10008000                __top_RamLoc32 = 0x10008000
                0x20084000                __top_RamAHB32 = 0x20084000

.text           0x00000000     0x3cc8
 FILL mask 0xff
 *(.isr_vector)
 .isr_vector    0x00000000       0xc4 ./cr_startup_lpc17.o
                0x00000000                g_pfnVectors
                0x000000c4                . = ALIGN (0x4)
                0x000000c4                __section_table_start = .
                0x000000c4                __data_section_table = .
                0x000000c4        0x4 LONG 0x3cc8 LOADADDR (.data)
                0x000000c8        0x4 LONG 0x10000000 ADDR (.data)
                0x000000cc        0x4 LONG 0xc SIZEOF (.data)
                0x000000d0        0x4 LONG 0x3cc8 LOADADDR (.data_RAM2)
                0x000000d4        0x4 LONG 0x2007c000 ADDR (.data_RAM2)
                0x000000d8        0x4 LONG 0x0 SIZEOF (.data_RAM2)
                0x000000dc                __data_section_table_end = .
                0x000000dc                __bss_section_table = .
                0x000000dc        0x4 LONG 0x10000010 ADDR (.bss)
                0x000000e0        0x4 LONG 0x2958 SIZEOF (.bss)
                0x000000e4        0x4 LONG 0x2007c000 ADDR (.bss_RAM2)
                0x000000e8        0x4 LONG 0x0 SIZEOF (.bss_RAM2)
                0x000000ec                __bss_section_table_end = .
                0x000000ec                __section_table_end = .
 *(.after_vectors*)
 *(.text*)
 .text.Reset_Handler
                0x000000ec       0x78 ./cr_startup_lpc17.o
                0x000000ec                Reset_Handler
                0x000000ec                ResetISR
 .text.NMI_Handler
                0x00000164        0x8 ./cr_startup_lpc17.o
                0x00000164                NMI_Handler
 .text.HardFault_Handler
                0x0000016c        0x8 ./cr_startup_lpc17.o
                0x0000016c                HardFault_Handler
 .text.MemManage_Handler
                0x00000174        0x8 ./cr_startup_lpc17.o
                0x00000174                MemManage_Handler
 .text.BusFault_Handler
                0x0000017c        0x8 ./cr_startup_lpc17.o
                0x0000017c                BusFault_Handler
 .text.UsageFault_Handler
                0x00000184        0x8 ./cr_startup_lpc17.o
                0x00000184                UsageFault_Handler
 .text.DebugMon_Handler
                0x0000018c        0x8 ./cr_startup_lpc17.o
                0x0000018c                DebugMon_Handler
 .text.IntDefaultHandler
                0x00000194        0x8 ./cr_startup_lpc17.o
                0x00000194                TIMER2_IRQHandler
                0x00000194                RIT_IRQHandler
                0x00000194                I2C0_IRQHandler
                0x00000194                PWM1_IRQHandler
                0x00000194                I2C1_IRQHandler
                0x00000194                EINT2_IRQHandler
                0x00000194                UART1_IRQHandler
                0x00000194                EINT3_IRQHandler
                0x00000194                TIMER3_IRQHandler
                0x00000194                UART0_IRQHandler
                0x00000194                PLL0_IRQHandler
                0x00000194                CAN_IRQHandler
                0x00000194                PLL1_IRQHandler
                0x00000194                SSP0_IRQHandler
                0x00000194                I2S_IRQHandler
                0x00000194                I2C2_IRQHandler
                0x00000194                RTC_IRQHandler
                0x00000194                TIMER0_IRQHandler
                0x00000194                SPI_IRQHandler
                0x00000194                EINT1_IRQHandler
                0x00000194                TIMER1_IRQHandler
                0x00000194                UART2_IRQHandler
                0x00000194                ADC_IRQHandler
                0x00000194                SSP1_IRQHandler
                0x00000194                USB_IRQHandler
                0x00000194                BOD_IRQHandler
                0x00000194                WDT_IRQHandler
                0x00000194                QEI_IRQHandler
                0x00000194                EINT0_IRQHandler
                0x00000194                DMA_IRQHandler
                0x00000194                UART3_IRQHandler
                0x00000194                MCPWM_IRQHandler
                0x00000194                ENET_IRQHandler
 .text.main     0x0000019c       0x80 ./main.o
                0x0000019c                main
 .text.vTaskFunction
                0x0000021c       0x2c ./main.o
                0x0000021c                vTaskFunction
 .text.vApplicationMallocFailedHook
                0x00000248        0x8 ./main.o
                0x00000248                vApplicationMallocFailedHook
 .text.vApplicationStackOverflowHook
                0x00000250        0xc ./main.o
                0x00000250                vApplicationStackOverflowHook
 .text.vApplicationIdleHook
                0x0000025c        0xc ./main.o
                0x0000025c                vApplicationIdleHook
 .text.vApplicationTickHook
                0x00000268        0xc ./main.o
                0x00000268                vApplicationTickHook
 .text.SystemInit
                0x00000274      0x214 /home/andresdido/workspace/CMSISv1p30_LPC17xx/Debug/libCMSISv1p30_LPC17xx.a(system_LPC17xx.o)
                0x00000274                SystemInit
 .text          0x00000488      0xbd8 /home/andresdido/workspace/FreeRTOS_Library/Debug/libFreeRTOS_Library.a(tasks.o)
                0x00000488                xTaskIsTaskSuspended
                0x000004b4                vTaskSuspendAll
                0x000004c8                uxTaskGetNumberOfTasks
                0x000004d4                vTaskSetTimeOutState
                0x000004e8                vTaskMissedYield
                0x000004f8                xTaskGetCurrentTaskHandle
                0x00000504                vTaskPriorityDisinherit
                0x00000554                vTaskPriorityInherit
                0x000005e0                xTaskRemoveFromEventList
                0x00000664                xTaskResumeFromISR
                0x000006e4                xTaskCheckForTimeOut
                0x00000758                xTaskGetTickCount
                0x00000770                uxTaskPriorityGet
                0x00000790                vTaskPlaceOnEventList
                0x000007f8                vTaskSwitchContext
                0x000008e8                vTaskIncrementTick
                0x000009b4                xTaskResumeAll
                0x00000aac                vTaskResume
                0x00000b24                vTaskSuspend
                0x00000b80                vTaskPrioritySet
                0x00000c30                vTaskDelay
                0x00000c84                vTaskDelayUntil
                0x00000d18                vTaskDelete
                0x00000d94                vTaskEndScheduler
                0x00000e1c                xTaskGenericCreate
                0x0000100c                vTaskStartScheduler
 .text          0x00001060      0x13c /home/andresdido/workspace/FreeRTOS_Library/Debug/libFreeRTOS_Library.a(heap_2.o)
                0x00001060                xPortGetFreeHeapSize
                0x0000106c                vPortInitialiseBlocks
                0x00001070                vPortFree
                0x000010ac                pvPortMalloc
 .text          0x0000119c      0x154 /home/andresdido/workspace/FreeRTOS_Library/Debug/libFreeRTOS_Library.a(port.o)
                0x0000119c                pxPortInitialiseStack
                0x000011c0                vPortSVCHandler
                0x000011e0                vPortStartFirstTask
                0x000011ec                vPortEndScheduler
                0x000011f0                vPortYieldFromISR
                0x00001200                vPortEnterCritical
                0x0000121c                vPortExitCritical
                0x00001238                xPortPendSVHandler
                0x00001274                xPortStartScheduler
                0x000012c4                xPortSysTickHandler
 .text          0x000012f0       0x54 /home/andresdido/workspace/FreeRTOS_Library/Debug/libFreeRTOS_Library.a(basic_io.o)
                0x000012f0                vPrintStringAndNumber
                0x00001320                vPrintString
 .text          0x00001344       0x18 /home/andresdido/workspace/FreeRTOS_Library/Debug/libFreeRTOS_Library.a(consoleprint.o)
                0x00001344                consoleprint
 .text          0x0000135c       0xa4 /home/andresdido/workspace/FreeRTOS_Library/Debug/libFreeRTOS_Library.a(list.o)
                0x0000135c                vListInitialise
                0x00001374                vListInitialiseItem
                0x0000137c                vListInsertEnd
                0x0000139c                vListInsert
                0x000013d8                vListRemove
 .text.__sys_write
                0x00001400        0xc /usr/local/LPCXpresso/tools/bin/../lib/gcc/arm-none-eabi/4.4.1/../../../../arm-none-eabi/lib/thumb2/libcr_semihost.a(__sys_write.o)
                0x00001400                __write
                0x00001400                __sys_write
 .text.fp_round
                0x0000140c       0x56 /usr/local/LPCXpresso/tools/bin/../lib/gcc/arm-none-eabi/4.4.1/../../../../arm-none-eabi/lib/thumb2/libcr_c.a(fpprintf.o)
 .text.lose_trailing_zeros
                0x00001462       0x1e /usr/local/LPCXpresso/tools/bin/../lib/gcc/arm-none-eabi/4.4.1/../../../../arm-none-eabi/lib/thumb2/libcr_c.a(fpprintf.o)
 .text.sprintf  0x00001480       0x6c /usr/local/LPCXpresso/tools/bin/../lib/gcc/arm-none-eabi/4.4.1/../../../../arm-none-eabi/lib/thumb2/libcr_c.a(fpprintf.o)
                0x00001480                sprintf
 .text.T.118    0x000014ec       0x22 /usr/local/LPCXpresso/tools/bin/../lib/gcc/arm-none-eabi/4.4.1/../../../../arm-none-eabi/lib/thumb2/libcr_c.a(fpprintf.o)
 *fill*         0x0000150e        0x2 00
 .text.fp_display
                0x00001510      0x928 /usr/local/LPCXpresso/tools/bin/../lib/gcc/arm-none-eabi/4.4.1/../../../../arm-none-eabi/lib/thumb2/libcr_c.a(fpprintf.o)
 .text.memcmp   0x00001e38       0x40 /usr/local/LPCXpresso/tools/bin/../lib/gcc/arm-none-eabi/4.4.1/../../../../arm-none-eabi/lib/thumb2/libcr_c.a(memcmp.o)
                0x00001e38                memcmp
 .text.__vfprintf
                0x00001e78      0xd64 /usr/local/LPCXpresso/tools/bin/../lib/gcc/arm-none-eabi/4.4.1/../../../../arm-none-eabi/lib/thumb2/libcr_c.a(printf.o)
                0x00001e78                __vfprintf
 .text.strcpy   0x00002bdc       0x44 /usr/local/LPCXpresso/tools/bin/../lib/gcc/arm-none-eabi/4.4.1/../../../../arm-none-eabi/lib/thumb2/libcr_c.a(strcpy.o)
                0x00002bdc                strcpy
 .text.strlen   0x00002c20       0x4c /usr/local/LPCXpresso/tools/bin/../lib/gcc/arm-none-eabi/4.4.1/../../../../arm-none-eabi/lib/thumb2/libcr_c.a(strlen.o)
                0x00002c20                strlen
 .text.strncpy  0x00002c6c       0x60 /usr/local/LPCXpresso/tools/bin/../lib/gcc/arm-none-eabi/4.4.1/../../../../arm-none-eabi/lib/thumb2/libcr_c.a(strncpy.o)
                0x00002c6c                strncpy
 .text.memset   0x00002ccc        0x4 /usr/local/LPCXpresso/tools/bin/../lib/gcc/arm-none-eabi/4.4.1/../../../../arm-none-eabi/lib/thumb2/libcr_c.a(memset.o)
                0x00002ccc                memset
 .text._deferredlazyseek
                0x00002cd0       0x44 /usr/local/LPCXpresso/tools/bin/../lib/gcc/arm-none-eabi/4.4.1/../../../../arm-none-eabi/lib/thumb2/libcr_c.a(_deferredlazyseek.o)
                0x00002cd0                _deferredlazyseek
 .text.__flsbuf
                0x00002d14      0x152 /usr/local/LPCXpresso/tools/bin/../lib/gcc/arm-none-eabi/4.4.1/../../../../arm-none-eabi/lib/thumb2/libcr_c.a(_deferredlazyseek.o)
                0x00002d14                __flsbuf
 .text._fflush  0x00002e66       0x52 /usr/local/LPCXpresso/tools/bin/../lib/gcc/arm-none-eabi/4.4.1/../../../../arm-none-eabi/lib/thumb2/libcr_c.a(_fflush.o)
                0x00002e66                _fflush
 .text._frexpl  0x00002eb8       0x64 /usr/local/LPCXpresso/tools/bin/../lib/gcc/arm-none-eabi/4.4.1/../../../../arm-none-eabi/lib/thumb2/libcr_c.a(_frexpl.o)
                0x00002eb8                _frexpl
 .text._ldexpl  0x00002f1c       0x4c /usr/local/LPCXpresso/tools/bin/../lib/gcc/arm-none-eabi/4.4.1/../../../../arm-none-eabi/lib/thumb2/libcr_c.a(_ldexpl.o)
                0x00002f1c                _ldexpl
 .text._Cwritebuf
                0x00002f68       0x88 /usr/local/LPCXpresso/tools/bin/../lib/gcc/arm-none-eabi/4.4.1/../../../../arm-none-eabi/lib/thumb2/libcr_c.a(_writebuf.o)
                0x00002f68                _Cwritebuf
 .text.malloc   0x00002ff0       0xbc /usr/local/LPCXpresso/tools/bin/../lib/gcc/arm-none-eabi/4.4.1/../../../../arm-none-eabi/lib/thumb2/libcr_c.a(alloc.o)
                0x00002ff0                malloc
 .text._Csys_alloc
                0x000030ac       0x20 /usr/local/LPCXpresso/tools/bin/../lib/gcc/arm-none-eabi/4.4.1/../../../../arm-none-eabi/lib/thumb2/libcr_c.a(alloc.o)
                0x000030ac                _Csys_alloc
 .text.fseek    0x000030cc      0x118 /usr/local/LPCXpresso/tools/bin/../lib/gcc/arm-none-eabi/4.4.1/../../../../arm-none-eabi/lib/thumb2/libcr_c.a(fseek.o)
                0x000030cc                fseek
 .text.ftell    0x000031e4       0x50 /usr/local/LPCXpresso/tools/bin/../lib/gcc/arm-none-eabi/4.4.1/../../../../arm-none-eabi/lib/thumb2/libcr_c.a(ftell.o)
                0x000031e4                ftell
 .text.__aeabi_dmul
                0x00003234      0x12c /usr/local/LPCXpresso/tools/bin/../lib/gcc/arm-none-eabi/4.4.1/thumb2/libcr_eabihelpers.a(double.o)
                0x00003234                __aeabi_dmul
 .text.__aeabi_ddiv
                0x00003360      0x144 /usr/local/LPCXpresso/tools/bin/../lib/gcc/arm-none-eabi/4.4.1/thumb2/libcr_eabihelpers.a(double.o)
                0x00003360                __aeabi_ddiv
 .text.__aeabi_dsub
                0x000034a4      0x1dc /usr/local/LPCXpresso/tools/bin/../lib/gcc/arm-none-eabi/4.4.1/thumb2/libcr_eabihelpers.a(double.o)
                0x000034a4                __aeabi_dsub
 .text.__aeabi_dadd
                0x00003680      0x13c /usr/local/LPCXpresso/tools/bin/../lib/gcc/arm-none-eabi/4.4.1/thumb2/libcr_eabihelpers.a(double.o)
                0x00003680                __aeabi_dadd
 .text.__aeabi_d2iz
                0x000037bc       0x3e /usr/local/LPCXpresso/tools/bin/../lib/gcc/arm-none-eabi/4.4.1/thumb2/libcr_eabihelpers.a(double.o)
                0x000037bc                __aeabi_d2iz
 .text.__bhs_ui2d
                0x000037fa       0x54 /usr/local/LPCXpresso/tools/bin/../lib/gcc/arm-none-eabi/4.4.1/thumb2/libcr_eabihelpers.a(double.o)
                0x000037fa                __bhs_ui2d
 .text.__aeabi_i2d
                0x0000384e       0x10 /usr/local/LPCXpresso/tools/bin/../lib/gcc/arm-none-eabi/4.4.1/thumb2/libcr_eabihelpers.a(double.o)
                0x0000384e                __aeabi_i2d
 .text.__aeabi_dcmpeq
                0x0000385e       0x38 /usr/local/LPCXpresso/tools/bin/../lib/gcc/arm-none-eabi/4.4.1/thumb2/libcr_eabihelpers.a(double.o)
                0x0000385e                __aeabi_dcmpeq
 .text.__aeabi_dcmplt
                0x00003896       0x5a /usr/local/LPCXpresso/tools/bin/../lib/gcc/arm-none-eabi/4.4.1/thumb2/libcr_eabihelpers.a(double.o)
                0x00003896                __aeabi_dcmplt
 .text.__aeabi_dcmple
                0x000038f0       0x58 /usr/local/LPCXpresso/tools/bin/../lib/gcc/arm-none-eabi/4.4.1/thumb2/libcr_eabihelpers.a(double.o)
                0x000038f0                __aeabi_dcmple
 .text.__aeabi_dcmpge
                0x00003948       0x5c /usr/local/LPCXpresso/tools/bin/../lib/gcc/arm-none-eabi/4.4.1/thumb2/libcr_eabihelpers.a(double.o)
                0x00003948                __aeabi_dcmpge
 .text.__aeabi_memset_lowlevel
                0x000039a4       0x24 /usr/local/LPCXpresso/tools/bin/../lib/gcc/arm-none-eabi/4.4.1/thumb2/libcr_eabihelpers.a(memcpy.o)
                0x000039a4                __aeabi_lowlevel_memset
 .text.__sys_appexit
                0x000039c8        0xc /usr/local/LPCXpresso/tools/bin/../lib/gcc/arm-none-eabi/4.4.1/../../../../arm-none-eabi/lib/thumb2/libcr_semihost.a(__sys_appexit.o)
                0x000039c8                __exit
                0x000039c8                __sys_appexit
 .text.__sys_flen
                0x000039d4        0xc /usr/local/LPCXpresso/tools/bin/../lib/gcc/arm-none-eabi/4.4.1/../../../../arm-none-eabi/lib/thumb2/libcr_semihost.a(__sys_flen.o)
                0x000039d4                __sys_flen
 .text.__sys_istty
                0x000039e0        0xc /usr/local/LPCXpresso/tools/bin/../lib/gcc/arm-none-eabi/4.4.1/../../../../arm-none-eabi/lib/thumb2/libcr_semihost.a(__sys_istty.o)
                0x000039e0                __sys_istty
 .text.__sys_seek
                0x000039ec        0xc /usr/local/LPCXpresso/tools/bin/../lib/gcc/arm-none-eabi/4.4.1/../../../../arm-none-eabi/lib/thumb2/libcr_semihost.a(__sys_seek.o)
                0x000039ec                __sys_seek
 .text._sbrk    0x000039f8       0x40 /usr/local/LPCXpresso/tools/bin/../lib/gcc/arm-none-eabi/4.4.1/../../../../arm-none-eabi/lib/thumb2/libcr_semihost.a(_cr_sbrk.o)
                0x000039f8                _sbrk
 .text.__check_heap_overflow
                0x00003a38       0x2c /usr/local/LPCXpresso/tools/bin/../lib/gcc/arm-none-eabi/4.4.1/../../../../arm-none-eabi/lib/thumb2/libcr_semihost.a(_cr_check_heap.o)
                0x00003a38                __check_heap_overflow
 *(.rodata .rodata.*)
 .rodata        0x00003a64       0x38 ./main.o
 .rodata        0x00003a9c       0x14 /home/andresdido/workspace/FreeRTOS_Library/Debug/libFreeRTOS_Library.a(tasks.o)
 .rodata.str1.4
                0x00003ab0        0x5 /home/andresdido/workspace/FreeRTOS_Library/Debug/libFreeRTOS_Library.a(tasks.o)
                                  0x8 (size before relaxing)
 *fill*         0x00003ab5        0x3 00
 .rodata.str1.4
                0x00003ab8        0x8 /home/andresdido/workspace/FreeRTOS_Library/Debug/libFreeRTOS_Library.a(basic_io.o)
 .rodata.str1.1
                0x00003ac0       0x34 /usr/local/LPCXpresso/tools/bin/../lib/gcc/arm-none-eabi/4.4.1/../../../../arm-none-eabi/lib/thumb2/libcr_c.a(fpprintf.o)
                                 0x35 (size before relaxing)
 .rodata.str1.1
                0x00003af4       0x31 /usr/local/LPCXpresso/tools/bin/../lib/gcc/arm-none-eabi/4.4.1/../../../../arm-none-eabi/lib/thumb2/libcr_c.a(printf.o)
                                 0x38 (size before relaxing)
 .rodata.str1.1
                0x00003b25       0x18 /usr/local/LPCXpresso/tools/bin/../lib/gcc/arm-none-eabi/4.4.1/../../../../arm-none-eabi/lib/thumb2/libcr_c.a(alloc.o)
 *fill*         0x00003b3d        0x3 00
 .rodata.__ctype
                0x00003b40      0x180 /usr/local/LPCXpresso/tools/bin/../lib/gcc/arm-none-eabi/4.4.1/../../../../arm-none-eabi/lib/thumb2/libcr_c.a(ctype.o)
                0x00003b40                __ctype
 .rodata.__huge_vall
                0x00003cc0        0x8 /usr/local/LPCXpresso/tools/bin/../lib/gcc/arm-none-eabi/4.4.1/../../../../arm-none-eabi/lib/thumb2/libcr_c.a(_hugeval.o)
                0x00003cc0                __huge_vall
                0x00003cc8                . = ALIGN (0x4)

.glue_7         0x00003cc8        0x0
 .glue_7        0x00000000        0x0 linker stubs

.glue_7t        0x00003cc8        0x0
 .glue_7t       0x00000000        0x0 linker stubs

.vfp11_veneer   0x00003cc8        0x0
 .vfp11_veneer  0x00000000        0x0 linker stubs

.v4_bx          0x00003cc8        0x0
 .v4_bx         0x00000000        0x0 linker stubs

.ARM.extab
 *(.ARM.extab* .gnu.linkonce.armextab.*)
                0x00003cc8                __exidx_start = .

.ARM.exidx
 *(.ARM.exidx* .gnu.linkonce.armexidx.*)
                0x00003cc8                __exidx_end = .
                0x00003cc8                _etext = .

.data_RAM2      0x2007c000        0x0 load address 0x00003cc8
 FILL mask 0xff
 *(.data.$RAM2*)
 *(.data.$RamAHB32*)
                0x2007c000                . = ALIGN (0x4)

.uninit_RESERVED
 *(.bss.$RESERVED*)

.data           0x10000000        0xc load address 0x00003cc8
 FILL mask 0xff
                0x10000000                _data = .
 *(vtable)
 *(.data*)
 .data          0x10000000        0x8 ./main.o
                0x10000000                pcTextForTask1
                0x10000004                pcTextForTask2
 .data          0x10000008        0x4 /home/andresdido/workspace/FreeRTOS_Library/Debug/libFreeRTOS_Library.a(port.o)
                0x1000000c                . = ALIGN (0x4)
                0x1000000c                _edata = .

.bss_RAM2       0x2007c000        0x0
 *(.bss.$RAM2*)
 *(.bss.$RamAHB32*)
                0x2007c000                . = ALIGN (0x4)

.bss            0x10000010     0x2958
                0x10000010                _bss = .
 *(.bss*)
 .bss           0x10000010      0x100 /home/andresdido/workspace/FreeRTOS_Library/Debug/libFreeRTOS_Library.a(tasks.o)
                0x1000004c                pxCurrentTCB
 .bss           0x10000110     0x2818 /home/andresdido/workspace/FreeRTOS_Library/Debug/libFreeRTOS_Library.a(heap_2.o)
 .bss           0x10002928       0x34 /home/andresdido/workspace/FreeRTOS_Library/Debug/libFreeRTOS_Library.a(basic_io.o)
 .bss.errno     0x1000295c        0x4 /usr/local/LPCXpresso/tools/bin/../lib/gcc/arm-none-eabi/4.4.1/../../../../arm-none-eabi/lib/thumb2/libcr_c.a(errno.o)
                0x1000295c                errno
 *(COMMON)
 COMMON         0x10002960        0x8 /usr/local/LPCXpresso/tools/bin/../lib/gcc/arm-none-eabi/4.4.1/../../../../arm-none-eabi/lib/thumb2/libcr_c.a(__init_alloc.o)
                0x10002960                __heaps
                0x10002964                __end_of_heap
                0x10002968                . = ALIGN (0x4)
                0x10002968                _ebss = .
                0x10002968                PROVIDE (end, .)
                0x10002968                PROVIDE (_pvHeapStart, .)
                0x10008000                PROVIDE (_vStackTop, (__top_RamLoc32 - 0x0))
OUTPUT(Example05.axf elf32-littlearm)

.debug_abbrev   0x00000000      0x9fb
 .debug_abbrev  0x00000000       0xdf ./cr_startup_lpc17.o
 .debug_abbrev  0x000000df       0xe5 ./main.o
 .debug_abbrev  0x000001c4       0xc6 /home/andresdido/workspace/CMSISv1p30_LPC17xx/Debug/libCMSISv1p30_LPC17xx.a(system_LPC17xx.o)
 .debug_abbrev  0x0000028a      0x272 /home/andresdido/workspace/FreeRTOS_Library/Debug/libFreeRTOS_Library.a(tasks.o)
 .debug_abbrev  0x000004fc      0x1b0 /home/andresdido/workspace/FreeRTOS_Library/Debug/libFreeRTOS_Library.a(heap_2.o)
 .debug_abbrev  0x000006ac      0x148 /home/andresdido/workspace/FreeRTOS_Library/Debug/libFreeRTOS_Library.a(port.o)
 .debug_abbrev  0x000007f4       0xa4 /home/andresdido/workspace/FreeRTOS_Library/Debug/libFreeRTOS_Library.a(basic_io.o)
 .debug_abbrev  0x00000898       0x77 /home/andresdido/workspace/FreeRTOS_Library/Debug/libFreeRTOS_Library.a(consoleprint.o)
 .debug_abbrev  0x0000090f       0xec /home/andresdido/workspace/FreeRTOS_Library/Debug/libFreeRTOS_Library.a(list.o)

.debug_info     0x00000000     0x1da0
 .debug_info    0x00000000      0x1f4 ./cr_startup_lpc17.o
 .debug_info    0x000001f4      0x1c3 ./main.o
 .debug_info    0x000003b7      0x334 /home/andresdido/workspace/CMSISv1p30_LPC17xx/Debug/libCMSISv1p30_LPC17xx.a(system_LPC17xx.o)
 .debug_info    0x000006eb      0xd77 /home/andresdido/workspace/FreeRTOS_Library/Debug/libFreeRTOS_Library.a(tasks.o)
 .debug_info    0x00001462      0x2be /home/andresdido/workspace/FreeRTOS_Library/Debug/libFreeRTOS_Library.a(heap_2.o)
 .debug_info    0x00001720      0x202 /home/andresdido/workspace/FreeRTOS_Library/Debug/libFreeRTOS_Library.a(port.o)
 .debug_info    0x00001922      0x121 /home/andresdido/workspace/FreeRTOS_Library/Debug/libFreeRTOS_Library.a(basic_io.o)
 .debug_info    0x00001a43       0xa4 /home/andresdido/workspace/FreeRTOS_Library/Debug/libFreeRTOS_Library.a(consoleprint.o)
 .debug_info    0x00001ae7      0x2b9 /home/andresdido/workspace/FreeRTOS_Library/Debug/libFreeRTOS_Library.a(list.o)

.debug_line     0x00000000     0x24eb
 .debug_line    0x00000000      0x362 ./cr_startup_lpc17.o
 .debug_line    0x00000362      0x4a2 ./main.o
 .debug_line    0x00000804      0x31a /home/andresdido/workspace/CMSISv1p30_LPC17xx/Debug/libCMSISv1p30_LPC17xx.a(system_LPC17xx.o)
 .debug_line    0x00000b1e      0x628 /home/andresdido/workspace/FreeRTOS_Library/Debug/libFreeRTOS_Library.a(tasks.o)
 .debug_line    0x00001146      0x450 /home/andresdido/workspace/FreeRTOS_Library/Debug/libFreeRTOS_Library.a(heap_2.o)
 .debug_line    0x00001596      0x445 /home/andresdido/workspace/FreeRTOS_Library/Debug/libFreeRTOS_Library.a(port.o)
 .debug_line    0x000019db      0x442 /home/andresdido/workspace/FreeRTOS_Library/Debug/libFreeRTOS_Library.a(basic_io.o)
 .debug_line    0x00001e1d      0x294 /home/andresdido/workspace/FreeRTOS_Library/Debug/libFreeRTOS_Library.a(consoleprint.o)
 .debug_line    0x000020b1      0x43a /home/andresdido/workspace/FreeRTOS_Library/Debug/libFreeRTOS_Library.a(list.o)

.debug_macinfo  0x00000000    0x3dd65
 .debug_macinfo
                0x00000000     0x2716 ./cr_startup_lpc17.o
 .debug_macinfo
                0x00002716     0x8592 ./main.o
 .debug_macinfo
                0x0000aca8     0x6df1 /home/andresdido/workspace/CMSISv1p30_LPC17xx/Debug/libCMSISv1p30_LPC17xx.a(system_LPC17xx.o)
 .debug_macinfo
                0x00011a99     0x916a /home/andresdido/workspace/FreeRTOS_Library/Debug/libFreeRTOS_Library.a(tasks.o)
 .debug_macinfo
                0x0001ac03     0x8979 /home/andresdido/workspace/FreeRTOS_Library/Debug/libFreeRTOS_Library.a(heap_2.o)
 .debug_macinfo
                0x0002357c     0x87b6 /home/andresdido/workspace/FreeRTOS_Library/Debug/libFreeRTOS_Library.a(port.o)
 .debug_macinfo
                0x0002bd32     0x8802 /home/andresdido/workspace/FreeRTOS_Library/Debug/libFreeRTOS_Library.a(basic_io.o)
 .debug_macinfo
                0x00034534     0x1592 /home/andresdido/workspace/FreeRTOS_Library/Debug/libFreeRTOS_Library.a(consoleprint.o)
 .debug_macinfo
                0x00035ac6     0x829f /home/andresdido/workspace/FreeRTOS_Library/Debug/libFreeRTOS_Library.a(list.o)

.debug_loc      0x00000000      0xf71
 .debug_loc     0x00000000      0x1e5 ./cr_startup_lpc17.o
 .debug_loc     0x000001e5      0x126 ./main.o
 .debug_loc     0x0000030b       0x56 /home/andresdido/workspace/CMSISv1p30_LPC17xx/Debug/libCMSISv1p30_LPC17xx.a(system_LPC17xx.o)
 .debug_loc     0x00000361      0x8f9 /home/andresdido/workspace/FreeRTOS_Library/Debug/libFreeRTOS_Library.a(tasks.o)
 .debug_loc     0x00000c5a      0x18e /home/andresdido/workspace/FreeRTOS_Library/Debug/libFreeRTOS_Library.a(heap_2.o)
 .debug_loc     0x00000de8       0x6f /home/andresdido/workspace/FreeRTOS_Library/Debug/libFreeRTOS_Library.a(port.o)
 .debug_loc     0x00000e57       0x98 /home/andresdido/workspace/FreeRTOS_Library/Debug/libFreeRTOS_Library.a(basic_io.o)
 .debug_loc     0x00000eef       0x3d /home/andresdido/workspace/FreeRTOS_Library/Debug/libFreeRTOS_Library.a(consoleprint.o)
 .debug_loc     0x00000f2c       0x45 /home/andresdido/workspace/FreeRTOS_Library/Debug/libFreeRTOS_Library.a(list.o)

.debug_pubnames
                0x00000000      0x6b3
 .debug_pubnames
                0x00000000       0xec ./cr_startup_lpc17.o
 .debug_pubnames
                0x000000ec       0xc8 ./main.o
 .debug_pubnames
                0x000001b4       0x4f /home/andresdido/workspace/CMSISv1p30_LPC17xx/Debug/libCMSISv1p30_LPC17xx.a(system_LPC17xx.o)
 .debug_pubnames
                0x00000203      0x26e /home/andresdido/workspace/FreeRTOS_Library/Debug/libFreeRTOS_Library.a(tasks.o)
 .debug_pubnames
                0x00000471       0x64 /home/andresdido/workspace/FreeRTOS_Library/Debug/libFreeRTOS_Library.a(heap_2.o)
 .debug_pubnames
                0x000004d5      0x10d /home/andresdido/workspace/FreeRTOS_Library/Debug/libFreeRTOS_Library.a(port.o)
 .debug_pubnames
                0x000005e2       0x3d /home/andresdido/workspace/FreeRTOS_Library/Debug/libFreeRTOS_Library.a(basic_io.o)
 .debug_pubnames
                0x0000061f       0x23 /home/andresdido/workspace/FreeRTOS_Library/Debug/libFreeRTOS_Library.a(consoleprint.o)
 .debug_pubnames
                0x00000642       0x71 /home/andresdido/workspace/FreeRTOS_Library/Debug/libFreeRTOS_Library.a(list.o)

.debug_aranges  0x00000000      0x1a0
 .debug_aranges
                0x00000000       0x70 ./cr_startup_lpc17.o
 .debug_aranges
                0x00000070       0x48 ./main.o
 .debug_aranges
                0x000000b8       0x28 /home/andresdido/workspace/CMSISv1p30_LPC17xx/Debug/libCMSISv1p30_LPC17xx.a(system_LPC17xx.o)
 .debug_aranges
                0x000000e0       0x20 /home/andresdido/workspace/FreeRTOS_Library/Debug/libFreeRTOS_Library.a(tasks.o)
 .debug_aranges
                0x00000100       0x20 /home/andresdido/workspace/FreeRTOS_Library/Debug/libFreeRTOS_Library.a(heap_2.o)
 .debug_aranges
                0x00000120       0x20 /home/andresdido/workspace/FreeRTOS_Library/Debug/libFreeRTOS_Library.a(port.o)
 .debug_aranges
                0x00000140       0x20 /home/andresdido/workspace/FreeRTOS_Library/Debug/libFreeRTOS_Library.a(basic_io.o)
 .debug_aranges
                0x00000160       0x20 /home/andresdido/workspace/FreeRTOS_Library/Debug/libFreeRTOS_Library.a(consoleprint.o)
 .debug_aranges
                0x00000180       0x20 /home/andresdido/workspace/FreeRTOS_Library/Debug/libFreeRTOS_Library.a(list.o)

.debug_ranges   0x00000000      0x110
 .debug_ranges  0x00000000       0x68 ./cr_startup_lpc17.o
 .debug_ranges  0x00000068       0x40 ./main.o
 .debug_ranges  0x000000a8       0x20 /home/andresdido/workspace/CMSISv1p30_LPC17xx/Debug/libCMSISv1p30_LPC17xx.a(system_LPC17xx.o)
 .debug_ranges  0x000000c8       0x48 /home/andresdido/workspace/FreeRTOS_Library/Debug/libFreeRTOS_Library.a(tasks.o)

.debug_str      0x00000000      0xecd
 .debug_str     0x00000000      0x192 ./cr_startup_lpc17.o
                                0x1c6 (size before relaxing)
 .debug_str     0x00000192       0xf3 ./main.o
                                0x1ba (size before relaxing)
 .debug_str     0x00000285      0x1a8 /home/andresdido/workspace/CMSISv1p30_LPC17xx/Debug/libCMSISv1p30_LPC17xx.a(system_LPC17xx.o)
                                0x23a (size before relaxing)
 .debug_str     0x0000042d      0x712 /home/andresdido/workspace/FreeRTOS_Library/Debug/libFreeRTOS_Library.a(tasks.o)
                                0x80f (size before relaxing)
 .debug_str     0x00000b3f      0x157 /home/andresdido/workspace/FreeRTOS_Library/Debug/libFreeRTOS_Library.a(heap_2.o)
                                0x22d (size before relaxing)
 .debug_str     0x00000c96      0x11a /home/andresdido/workspace/FreeRTOS_Library/Debug/libFreeRTOS_Library.a(port.o)
                                0x216 (size before relaxing)
 .debug_str     0x00000db0       0x54 /home/andresdido/workspace/FreeRTOS_Library/Debug/libFreeRTOS_Library.a(basic_io.o)
                                0x12f (size before relaxing)
 .debug_str     0x00000e04       0x37 /home/andresdido/workspace/FreeRTOS_Library/Debug/libFreeRTOS_Library.a(consoleprint.o)
                                 0xb7 (size before relaxing)
 .debug_str     0x00000e3b       0x92 /home/andresdido/workspace/FreeRTOS_Library/Debug/libFreeRTOS_Library.a(list.o)
                                0x211 (size before relaxing)

.comment        0x00000000      0x5b6
 .comment       0x00000000       0x2b ./cr_startup_lpc17.o
 .comment       0x0000002b       0x2b ./main.o
 .comment       0x00000056       0x2b /home/andresdido/workspace/CMSISv1p30_LPC17xx/Debug/libCMSISv1p30_LPC17xx.a(system_LPC17xx.o)
 .comment       0x00000081       0x2b /home/andresdido/workspace/FreeRTOS_Library/Debug/libFreeRTOS_Library.a(tasks.o)
 .comment       0x000000ac       0x2b /home/andresdido/workspace/FreeRTOS_Library/Debug/libFreeRTOS_Library.a(heap_2.o)
 .comment       0x000000d7       0x2b /home/andresdido/workspace/FreeRTOS_Library/Debug/libFreeRTOS_Library.a(port.o)
 .comment       0x00000102       0x2b /home/andresdido/workspace/FreeRTOS_Library/Debug/libFreeRTOS_Library.a(basic_io.o)
 .comment       0x0000012d       0x2b /home/andresdido/workspace/FreeRTOS_Library/Debug/libFreeRTOS_Library.a(consoleprint.o)
 .comment       0x00000158       0x2b /home/andresdido/workspace/FreeRTOS_Library/Debug/libFreeRTOS_Library.a(list.o)
 .comment       0x00000183       0x2b /usr/local/LPCXpresso/tools/bin/../lib/gcc/arm-none-eabi/4.4.1/../../../../arm-none-eabi/lib/thumb2/libcr_c.a(fpprintf.o)
 .comment       0x000001ae       0x2b /usr/local/LPCXpresso/tools/bin/../lib/gcc/arm-none-eabi/4.4.1/../../../../arm-none-eabi/lib/thumb2/libcr_c.a(memcmp.o)
 .comment       0x000001d9       0x2b /usr/local/LPCXpresso/tools/bin/../lib/gcc/arm-none-eabi/4.4.1/../../../../arm-none-eabi/lib/thumb2/libcr_c.a(printf.o)
 .comment       0x00000204       0x2b /usr/local/LPCXpresso/tools/bin/../lib/gcc/arm-none-eabi/4.4.1/../../../../arm-none-eabi/lib/thumb2/libcr_c.a(stdio.o)
 .comment       0x0000022f       0x2b /usr/local/LPCXpresso/tools/bin/../lib/gcc/arm-none-eabi/4.4.1/../../../../arm-none-eabi/lib/thumb2/libcr_c.a(strcpy.o)
 .comment       0x0000025a       0x2b /usr/local/LPCXpresso/tools/bin/../lib/gcc/arm-none-eabi/4.4.1/../../../../arm-none-eabi/lib/thumb2/libcr_c.a(strlen.o)
 .comment       0x00000285       0x2b /usr/local/LPCXpresso/tools/bin/../lib/gcc/arm-none-eabi/4.4.1/../../../../arm-none-eabi/lib/thumb2/libcr_c.a(strncpy.o)
 .comment       0x000002b0       0x2b /usr/local/LPCXpresso/tools/bin/../lib/gcc/arm-none-eabi/4.4.1/../../../../arm-none-eabi/lib/thumb2/libcr_c.a(memset.o)
 .comment       0x000002db       0x2b /usr/local/LPCXpresso/tools/bin/../lib/gcc/arm-none-eabi/4.4.1/../../../../arm-none-eabi/lib/thumb2/libcr_c.a(__fillbuf.o)
 .comment       0x00000306       0x2b /usr/local/LPCXpresso/tools/bin/../lib/gcc/arm-none-eabi/4.4.1/../../../../arm-none-eabi/lib/thumb2/libcr_c.a(_deferredlazyseek.o)
 .comment       0x00000331       0x2b /usr/local/LPCXpresso/tools/bin/../lib/gcc/arm-none-eabi/4.4.1/../../../../arm-none-eabi/lib/thumb2/libcr_c.a(_fflush.o)
 .comment       0x0000035c       0x2b /usr/local/LPCXpresso/tools/bin/../lib/gcc/arm-none-eabi/4.4.1/../../../../arm-none-eabi/lib/thumb2/libcr_c.a(_frexpl.o)
 .comment       0x00000387       0x2b /usr/local/LPCXpresso/tools/bin/../lib/gcc/arm-none-eabi/4.4.1/../../../../arm-none-eabi/lib/thumb2/libcr_c.a(_ldexpl.o)
 .comment       0x000003b2       0x2b /usr/local/LPCXpresso/tools/bin/../lib/gcc/arm-none-eabi/4.4.1/../../../../arm-none-eabi/lib/thumb2/libcr_c.a(_writebuf.o)
 .comment       0x000003dd       0x2b /usr/local/LPCXpresso/tools/bin/../lib/gcc/arm-none-eabi/4.4.1/../../../../arm-none-eabi/lib/thumb2/libcr_c.a(alloc.o)
 .comment       0x00000408       0x2b /usr/local/LPCXpresso/tools/bin/../lib/gcc/arm-none-eabi/4.4.1/../../../../arm-none-eabi/lib/thumb2/libcr_c.a(ctype.o)
 .comment       0x00000433       0x2b /usr/local/LPCXpresso/tools/bin/../lib/gcc/arm-none-eabi/4.4.1/../../../../arm-none-eabi/lib/thumb2/libcr_c.a(errno.o)
 .comment       0x0000045e       0x2b /usr/local/LPCXpresso/tools/bin/../lib/gcc/arm-none-eabi/4.4.1/../../../../arm-none-eabi/lib/thumb2/libcr_c.a(fseek.o)
 .comment       0x00000489       0x2b /usr/local/LPCXpresso/tools/bin/../lib/gcc/arm-none-eabi/4.4.1/../../../../arm-none-eabi/lib/thumb2/libcr_c.a(ftell.o)
 .comment       0x000004b4       0x2b /usr/local/LPCXpresso/tools/bin/../lib/gcc/arm-none-eabi/4.4.1/../../../../arm-none-eabi/lib/thumb2/libcr_c.a(memcpy.o)
 .comment       0x000004df       0x2b /usr/local/LPCXpresso/tools/bin/../lib/gcc/arm-none-eabi/4.4.1/../../../../arm-none-eabi/lib/thumb2/libcr_c.a(__init_alloc.o)
 .comment       0x0000050a       0x2b /usr/local/LPCXpresso/tools/bin/../lib/gcc/arm-none-eabi/4.4.1/../../../../arm-none-eabi/lib/thumb2/libcr_c.a(_hugeval.o)
 .comment       0x00000535       0x2b /usr/local/LPCXpresso/tools/bin/../lib/gcc/arm-none-eabi/4.4.1/thumb2/libcr_eabihelpers.a(double.o)
 .comment       0x00000560       0x2b /usr/local/LPCXpresso/tools/bin/../lib/gcc/arm-none-eabi/4.4.1/../../../../arm-none-eabi/lib/thumb2/libcr_semihost.a(_cr_sbrk.o)
 .comment       0x0000058b       0x2b /usr/local/LPCXpresso/tools/bin/../lib/gcc/arm-none-eabi/4.4.1/../../../../arm-none-eabi/lib/thumb2/libcr_semihost.a(_cr_check_heap.o)

.ARM.attributes
                0x00000000       0x2f
 .ARM.attributes
                0x00000000       0x31 ./cr_startup_lpc17.o
 .ARM.attributes
                0x00000031       0x31 ./main.o
 .ARM.attributes
                0x00000062       0x31 /home/andresdido/workspace/CMSISv1p30_LPC17xx/Debug/libCMSISv1p30_LPC17xx.a(system_LPC17xx.o)
 .ARM.attributes
                0x00000093       0x31 /home/andresdido/workspace/FreeRTOS_Library/Debug/libFreeRTOS_Library.a(tasks.o)
 .ARM.attributes
                0x000000c4       0x31 /home/andresdido/workspace/FreeRTOS_Library/Debug/libFreeRTOS_Library.a(heap_2.o)
 .ARM.attributes
                0x000000f5       0x31 /home/andresdido/workspace/FreeRTOS_Library/Debug/libFreeRTOS_Library.a(port.o)
 .ARM.attributes
                0x00000126       0x31 /home/andresdido/workspace/FreeRTOS_Library/Debug/libFreeRTOS_Library.a(basic_io.o)
 .ARM.attributes
                0x00000157       0x31 /home/andresdido/workspace/FreeRTOS_Library/Debug/libFreeRTOS_Library.a(consoleprint.o)
 .ARM.attributes
                0x00000188       0x31 /home/andresdido/workspace/FreeRTOS_Library/Debug/libFreeRTOS_Library.a(list.o)
 .ARM.attributes
                0x000001b9       0x21 /usr/local/LPCXpresso/tools/bin/../lib/gcc/arm-none-eabi/4.4.1/../../../../arm-none-eabi/lib/thumb2/libcr_semihost.a(__sys_write.o)
 .ARM.attributes
                0x000001da       0x31 /usr/local/LPCXpresso/tools/bin/../lib/gcc/arm-none-eabi/4.4.1/../../../../arm-none-eabi/lib/thumb2/libcr_c.a(fpprintf.o)
 .ARM.attributes
                0x0000020b       0x31 /usr/local/LPCXpresso/tools/bin/../lib/gcc/arm-none-eabi/4.4.1/../../../../arm-none-eabi/lib/thumb2/libcr_c.a(memcmp.o)
 .ARM.attributes
                0x0000023c       0x31 /usr/local/LPCXpresso/tools/bin/../lib/gcc/arm-none-eabi/4.4.1/../../../../arm-none-eabi/lib/thumb2/libcr_c.a(printf.o)
 .ARM.attributes
                0x0000026d       0x31 /usr/local/LPCXpresso/tools/bin/../lib/gcc/arm-none-eabi/4.4.1/../../../../arm-none-eabi/lib/thumb2/libcr_c.a(stdio.o)
 .ARM.attributes
                0x0000029e       0x31 /usr/local/LPCXpresso/tools/bin/../lib/gcc/arm-none-eabi/4.4.1/../../../../arm-none-eabi/lib/thumb2/libcr_c.a(strcpy.o)
 .ARM.attributes
                0x000002cf       0x31 /usr/local/LPCXpresso/tools/bin/../lib/gcc/arm-none-eabi/4.4.1/../../../../arm-none-eabi/lib/thumb2/libcr_c.a(strlen.o)
 .ARM.attributes
                0x00000300       0x31 /usr/local/LPCXpresso/tools/bin/../lib/gcc/arm-none-eabi/4.4.1/../../../../arm-none-eabi/lib/thumb2/libcr_c.a(strncpy.o)
 .ARM.attributes
                0x00000331       0x31 /usr/local/LPCXpresso/tools/bin/../lib/gcc/arm-none-eabi/4.4.1/../../../../arm-none-eabi/lib/thumb2/libcr_c.a(memset.o)
 .ARM.attributes
                0x00000362       0x31 /usr/local/LPCXpresso/tools/bin/../lib/gcc/arm-none-eabi/4.4.1/../../../../arm-none-eabi/lib/thumb2/libcr_c.a(__fillbuf.o)
 .ARM.attributes
                0x00000393       0x31 /usr/local/LPCXpresso/tools/bin/../lib/gcc/arm-none-eabi/4.4.1/../../../../arm-none-eabi/lib/thumb2/libcr_c.a(_deferredlazyseek.o)
 .ARM.attributes
                0x000003c4       0x31 /usr/local/LPCXpresso/tools/bin/../lib/gcc/arm-none-eabi/4.4.1/../../../../arm-none-eabi/lib/thumb2/libcr_c.a(_fflush.o)
 .ARM.attributes
                0x000003f5       0x31 /usr/local/LPCXpresso/tools/bin/../lib/gcc/arm-none-eabi/4.4.1/../../../../arm-none-eabi/lib/thumb2/libcr_c.a(_frexpl.o)
 .ARM.attributes
                0x00000426       0x31 /usr/local/LPCXpresso/tools/bin/../lib/gcc/arm-none-eabi/4.4.1/../../../../arm-none-eabi/lib/thumb2/libcr_c.a(_ldexpl.o)
 .ARM.attributes
                0x00000457       0x31 /usr/local/LPCXpresso/tools/bin/../lib/gcc/arm-none-eabi/4.4.1/../../../../arm-none-eabi/lib/thumb2/libcr_c.a(_writebuf.o)
 .ARM.attributes
                0x00000488       0x31 /usr/local/LPCXpresso/tools/bin/../lib/gcc/arm-none-eabi/4.4.1/../../../../arm-none-eabi/lib/thumb2/libcr_c.a(alloc.o)
 .ARM.attributes
                0x000004b9       0x31 /usr/local/LPCXpresso/tools/bin/../lib/gcc/arm-none-eabi/4.4.1/../../../../arm-none-eabi/lib/thumb2/libcr_c.a(ctype.o)
 .ARM.attributes
                0x000004ea       0x31 /usr/local/LPCXpresso/tools/bin/../lib/gcc/arm-none-eabi/4.4.1/../../../../arm-none-eabi/lib/thumb2/libcr_c.a(errno.o)
 .ARM.attributes
                0x0000051b       0x31 /usr/local/LPCXpresso/tools/bin/../lib/gcc/arm-none-eabi/4.4.1/../../../../arm-none-eabi/lib/thumb2/libcr_c.a(fseek.o)
 .ARM.attributes
                0x0000054c       0x31 /usr/local/LPCXpresso/tools/bin/../lib/gcc/arm-none-eabi/4.4.1/../../../../arm-none-eabi/lib/thumb2/libcr_c.a(ftell.o)
 .ARM.attributes
                0x0000057d       0x31 /usr/local/LPCXpresso/tools/bin/../lib/gcc/arm-none-eabi/4.4.1/../../../../arm-none-eabi/lib/thumb2/libcr_c.a(memcpy.o)
 .ARM.attributes
                0x000005ae       0x31 /usr/local/LPCXpresso/tools/bin/../lib/gcc/arm-none-eabi/4.4.1/../../../../arm-none-eabi/lib/thumb2/libcr_c.a(__init_alloc.o)
 .ARM.attributes
                0x000005df       0x31 /usr/local/LPCXpresso/tools/bin/../lib/gcc/arm-none-eabi/4.4.1/../../../../arm-none-eabi/lib/thumb2/libcr_c.a(_hugeval.o)
 .ARM.attributes
                0x00000610       0x31 /usr/local/LPCXpresso/tools/bin/../lib/gcc/arm-none-eabi/4.4.1/thumb2/libcr_eabihelpers.a(double.o)
 .ARM.attributes
                0x00000641       0x21 /usr/local/LPCXpresso/tools/bin/../lib/gcc/arm-none-eabi/4.4.1/thumb2/libcr_eabihelpers.a(memcpy.o)
 .ARM.attributes
                0x00000662       0x21 /usr/local/LPCXpresso/tools/bin/../lib/gcc/arm-none-eabi/4.4.1/../../../../arm-none-eabi/lib/thumb2/libcr_semihost.a(__sys_appexit.o)
 .ARM.attributes
                0x00000683       0x21 /usr/local/LPCXpresso/tools/bin/../lib/gcc/arm-none-eabi/4.4.1/../../../../arm-none-eabi/lib/thumb2/libcr_semihost.a(__sys_flen.o)
 .ARM.attributes
                0x000006a4       0x21 /usr/local/LPCXpresso/tools/bin/../lib/gcc/arm-none-eabi/4.4.1/../../../../arm-none-eabi/lib/thumb2/libcr_semihost.a(__sys_istty.o)
 .ARM.attributes
                0x000006c5       0x21 /usr/local/LPCXpresso/tools/bin/../lib/gcc/arm-none-eabi/4.4.1/../../../../arm-none-eabi/lib/thumb2/libcr_semihost.a(__sys_read.o)
 .ARM.attributes
                0x000006e6       0x21 /usr/local/LPCXpresso/tools/bin/../lib/gcc/arm-none-eabi/4.4.1/../../../../arm-none-eabi/lib/thumb2/libcr_semihost.a(__sys_readc.o)
 .ARM.attributes
                0x00000707       0x21 /usr/local/LPCXpresso/tools/bin/../lib/gcc/arm-none-eabi/4.4.1/../../../../arm-none-eabi/lib/thumb2/libcr_semihost.a(__sys_seek.o)
 .ARM.attributes
                0x00000728       0x31 /usr/local/LPCXpresso/tools/bin/../lib/gcc/arm-none-eabi/4.4.1/../../../../arm-none-eabi/lib/thumb2/libcr_semihost.a(_cr_sbrk.o)
 .ARM.attributes
                0x00000759       0x31 /usr/local/LPCXpresso/tools/bin/../lib/gcc/arm-none-eabi/4.4.1/../../../../arm-none-eabi/lib/thumb2/libcr_semihost.a(_cr_check_heap.o)

.debug_frame    0x00000000      0x6dc
 .debug_frame   0x00000000      0x120 ./cr_startup_lpc17.o
 .debug_frame   0x00000120       0xb4 ./main.o
 .debug_frame   0x000001d4       0x40 /home/andresdido/workspace/CMSISv1p30_LPC17xx/Debug/libCMSISv1p30_LPC17xx.a(system_LPC17xx.o)
 .debug_frame   0x00000214      0x2c4 /home/andresdido/workspace/FreeRTOS_Library/Debug/libFreeRTOS_Library.a(tasks.o)
 .debug_frame   0x000004d8       0x6c /home/andresdido/workspace/FreeRTOS_Library/Debug/libFreeRTOS_Library.a(heap_2.o)
 .debug_frame   0x00000544       0xc0 /home/andresdido/workspace/FreeRTOS_Library/Debug/libFreeRTOS_Library.a(port.o)
 .debug_frame   0x00000604       0x48 /home/andresdido/workspace/FreeRTOS_Library/Debug/libFreeRTOS_Library.a(basic_io.o)
 .debug_frame   0x0000064c       0x28 /home/andresdido/workspace/FreeRTOS_Library/Debug/libFreeRTOS_Library.a(consoleprint.o)
 .debug_frame   0x00000674       0x68 /home/andresdido/workspace/FreeRTOS_Library/Debug/libFreeRTOS_Library.a(list.o)
